Archive member included to satisfy reference by file (symbol)

c:/program files (x86)/atmel/studio/7.0/toolchain/arm/arm-gnu-toolchain/bin/../lib/gcc/arm-none-eabi/6.3.1/../../../../arm-none-eabi/lib/thumb/v6-m\libm.a(lib_a-w_pow.o)
                              main.o (pow)
c:/program files (x86)/atmel/studio/7.0/toolchain/arm/arm-gnu-toolchain/bin/../lib/gcc/arm-none-eabi/6.3.1/../../../../arm-none-eabi/lib/thumb/v6-m\libm.a(lib_a-wf_log.o)
                              main.o (logf)
c:/program files (x86)/atmel/studio/7.0/toolchain/arm/arm-gnu-toolchain/bin/../lib/gcc/arm-none-eabi/6.3.1/../../../../arm-none-eabi/lib/thumb/v6-m\libm.a(lib_a-e_pow.o)
                              c:/program files (x86)/atmel/studio/7.0/toolchain/arm/arm-gnu-toolchain/bin/../lib/gcc/arm-none-eabi/6.3.1/../../../../arm-none-eabi/lib/thumb/v6-m\libm.a(lib_a-w_pow.o) (__ieee754_pow)
c:/program files (x86)/atmel/studio/7.0/toolchain/arm/arm-gnu-toolchain/bin/../lib/gcc/arm-none-eabi/6.3.1/../../../../arm-none-eabi/lib/thumb/v6-m\libm.a(lib_a-e_sqrt.o)
                              c:/program files (x86)/atmel/studio/7.0/toolchain/arm/arm-gnu-toolchain/bin/../lib/gcc/arm-none-eabi/6.3.1/../../../../arm-none-eabi/lib/thumb/v6-m\libm.a(lib_a-e_pow.o) (__ieee754_sqrt)
c:/program files (x86)/atmel/studio/7.0/toolchain/arm/arm-gnu-toolchain/bin/../lib/gcc/arm-none-eabi/6.3.1/../../../../arm-none-eabi/lib/thumb/v6-m\libm.a(lib_a-ef_log.o)
                              c:/program files (x86)/atmel/studio/7.0/toolchain/arm/arm-gnu-toolchain/bin/../lib/gcc/arm-none-eabi/6.3.1/../../../../arm-none-eabi/lib/thumb/v6-m\libm.a(lib_a-wf_log.o) (__ieee754_logf)
c:/program files (x86)/atmel/studio/7.0/toolchain/arm/arm-gnu-toolchain/bin/../lib/gcc/arm-none-eabi/6.3.1/../../../../arm-none-eabi/lib/thumb/v6-m\libm.a(lib_a-s_fabs.o)
                              c:/program files (x86)/atmel/studio/7.0/toolchain/arm/arm-gnu-toolchain/bin/../lib/gcc/arm-none-eabi/6.3.1/../../../../arm-none-eabi/lib/thumb/v6-m\libm.a(lib_a-e_pow.o) (fabs)
c:/program files (x86)/atmel/studio/7.0/toolchain/arm/arm-gnu-toolchain/bin/../lib/gcc/arm-none-eabi/6.3.1/../../../../arm-none-eabi/lib/thumb/v6-m\libm.a(lib_a-s_finite.o)
                              c:/program files (x86)/atmel/studio/7.0/toolchain/arm/arm-gnu-toolchain/bin/../lib/gcc/arm-none-eabi/6.3.1/../../../../arm-none-eabi/lib/thumb/v6-m\libm.a(lib_a-w_pow.o) (finite)
c:/program files (x86)/atmel/studio/7.0/toolchain/arm/arm-gnu-toolchain/bin/../lib/gcc/arm-none-eabi/6.3.1/../../../../arm-none-eabi/lib/thumb/v6-m\libm.a(lib_a-s_lib_ver.o)
                              c:/program files (x86)/atmel/studio/7.0/toolchain/arm/arm-gnu-toolchain/bin/../lib/gcc/arm-none-eabi/6.3.1/../../../../arm-none-eabi/lib/thumb/v6-m\libm.a(lib_a-w_pow.o) (__fdlib_version)
c:/program files (x86)/atmel/studio/7.0/toolchain/arm/arm-gnu-toolchain/bin/../lib/gcc/arm-none-eabi/6.3.1/../../../../arm-none-eabi/lib/thumb/v6-m\libm.a(lib_a-s_matherr.o)
                              c:/program files (x86)/atmel/studio/7.0/toolchain/arm/arm-gnu-toolchain/bin/../lib/gcc/arm-none-eabi/6.3.1/../../../../arm-none-eabi/lib/thumb/v6-m\libm.a(lib_a-w_pow.o) (matherr)
c:/program files (x86)/atmel/studio/7.0/toolchain/arm/arm-gnu-toolchain/bin/../lib/gcc/arm-none-eabi/6.3.1/../../../../arm-none-eabi/lib/thumb/v6-m\libm.a(lib_a-s_nan.o)
                              c:/program files (x86)/atmel/studio/7.0/toolchain/arm/arm-gnu-toolchain/bin/../lib/gcc/arm-none-eabi/6.3.1/../../../../arm-none-eabi/lib/thumb/v6-m\libm.a(lib_a-wf_log.o) (nan)
c:/program files (x86)/atmel/studio/7.0/toolchain/arm/arm-gnu-toolchain/bin/../lib/gcc/arm-none-eabi/6.3.1/../../../../arm-none-eabi/lib/thumb/v6-m\libm.a(lib_a-s_rint.o)
                              c:/program files (x86)/atmel/studio/7.0/toolchain/arm/arm-gnu-toolchain/bin/../lib/gcc/arm-none-eabi/6.3.1/../../../../arm-none-eabi/lib/thumb/v6-m\libm.a(lib_a-w_pow.o) (rint)
c:/program files (x86)/atmel/studio/7.0/toolchain/arm/arm-gnu-toolchain/bin/../lib/gcc/arm-none-eabi/6.3.1/../../../../arm-none-eabi/lib/thumb/v6-m\libm.a(lib_a-s_scalbn.o)
                              c:/program files (x86)/atmel/studio/7.0/toolchain/arm/arm-gnu-toolchain/bin/../lib/gcc/arm-none-eabi/6.3.1/../../../../arm-none-eabi/lib/thumb/v6-m\libm.a(lib_a-e_pow.o) (scalbn)
c:/program files (x86)/atmel/studio/7.0/toolchain/arm/arm-gnu-toolchain/bin/../lib/gcc/arm-none-eabi/6.3.1/../../../../arm-none-eabi/lib/thumb/v6-m\libm.a(lib_a-s_copysign.o)
                              c:/program files (x86)/atmel/studio/7.0/toolchain/arm/arm-gnu-toolchain/bin/../lib/gcc/arm-none-eabi/6.3.1/../../../../arm-none-eabi/lib/thumb/v6-m\libm.a(lib_a-s_scalbn.o) (copysign)
c:/program files (x86)/atmel/studio/7.0/toolchain/arm/arm-gnu-toolchain/bin/../lib/gcc/arm-none-eabi/6.3.1/thumb/v6-m\libgcc.a(_arm_cmpdf2.o)
                              main.o (__aeabi_dcmpeq)
[...]
Memory Configuration

Name             Origin             Length             Attributes
rom              0x00000000         0x00040000         xr
ram              0x20000000         0x00008000         xrw
*default*        0x00000000         0xffffffff

Linker script and memory map

LOAD c:/program files (x86)/atmel/studio/7.0/toolchain/arm/arm-gnu-toolchain/bin/../lib/gcc/arm-none-eabi/6.3.1/thumb/v6-m/crti.o
LOAD c:/program files (x86)/atmel/studio/7.0/toolchain/arm/arm-gnu-toolchain/bin/../lib/gcc/arm-none-eabi/6.3.1/thumb/v6-m/crtbegin.o
LOAD c:/program files (x86)/atmel/studio/7.0/toolchain/arm/arm-gnu-toolchain/bin/../lib/gcc/arm-none-eabi/6.3.1/../../../../arm-none-eabi/lib/thumb/v6-m/crt0.o
LOAD atmel_start.o
LOAD Device_Startup/startup_samc21.o
LOAD Device_Startup/system_samc21.o
LOAD driver_init.o
LOAD examples/driver_examples.o
LOAD hal/src/hal_adc_sync.o
LOAD hal/src/hal_atomic.o
LOAD hal/src/hal_delay.o
LOAD hal/src/hal_gpio.o
LOAD hal/src/hal_init.o
LOAD hal/src/hal_io.o
LOAD hal/src/hal_sleep.o
LOAD hal/src/hal_usart_sync.o
LOAD hal/utils/src/utils_assert.o
LOAD hal/utils/src/utils_event.o
LOAD hal/utils/src/utils_list.o
LOAD hal/utils/src/utils_syscalls.o
LOAD hpl/adc/hpl_adc.o
LOAD hpl/core/hpl_core_m0plus_base.o
LOAD hpl/core/hpl_init.o
LOAD hpl/divas/hpl_divas.o
LOAD hpl/dmac/hpl_dmac.o
LOAD hpl/gclk/hpl_gclk.o
LOAD hpl/mclk/hpl_mclk.o
LOAD hpl/osc32kctrl/hpl_osc32kctrl.o
LOAD hpl/oscctrl/hpl_oscctrl.o
LOAD hpl/pm/hpl_pm.o
LOAD hpl/sercom/hpl_sercom.o
LOAD main.o
LOAD stdio_redirect/gcc/read.o
LOAD stdio_redirect/gcc/write.o
LOAD stdio_redirect/stdio_io.o
LOAD stdio_start.o
START GROUP
LOAD c:/program files (x86)/atmel/studio/7.0/toolchain/arm/arm-gnu-toolchain/bin/../lib/gcc/arm-none-eabi/6.3.1/../../../../arm-none-eabi/lib/thumb/v6-m\libm.a
END GROUP
LOAD c:/program files (x86)/atmel/studio/7.0/toolchain/arm/arm-gnu-toolchain/bin/../lib/gcc/arm-none-eabi/6.3.1/../../../../arm-none-eabi/lib/thumb/v6-m\libm.a
START GROUP
LOAD c:/program files (x86)/atmel/studio/7.0/toolchain/arm/arm-gnu-toolchain/bin/../lib/gcc/arm-none-eabi/6.3.1/thumb/v6-m\libgcc.a
LOAD c:/program files (x86)/atmel/studio/7.0/toolchain/arm/arm-gnu-toolchain/bin/../lib/gcc/arm-none-eabi/6.3.1/../../../../arm-none-eabi/lib/thumb/v6-m\libc_nano.a
END GROUP
START GROUP
LOAD c:/program files (x86)/atmel/studio/7.0/toolchain/arm/arm-gnu-toolchain/bin/../lib/gcc/arm-none-eabi/6.3.1/thumb/v6-m\libgcc.a
LOAD c:/program files (x86)/atmel/studio/7.0/toolchain/arm/arm-gnu-toolchain/bin/../lib/gcc/arm-none-eabi/6.3.1/../../../../arm-none-eabi/lib/thumb/v6-m\libc_nano.a
END GROUP
LOAD c:/program files (x86)/atmel/studio/7.0/toolchain/arm/arm-gnu-toolchain/bin/../lib/gcc/arm-none-eabi/6.3.1/thumb/v6-m/crtend.o
LOAD c:/program files (x86)/atmel/studio/7.0/toolchain/arm/arm-gnu-toolchain/bin/../lib/gcc/arm-none-eabi/6.3.1/thumb/v6-m/crtn.o
                0x00002000                STACK_SIZE = DEFINED (STACK_SIZE)?STACK_SIZE:DEFINED (__stack_size__)?__stack_size__:0x2000

.text           0x00000000     0x7e70
                0x00000000                . = ALIGN (0x4)
                0x00000000                _sfixed = .
 *(.vectors .vectors.*)
 .vectors       0x00000000       0xbc Device_Startup/startup_samc21.o
                0x00000000                exception_table
 *(.text .text.* .gnu.linkonce.t.*)
 .text          0x000000bc       0x60 c:/program files (x86)/atmel/studio/7.0/toolchain/arm/arm-gnu-toolchain/bin/../lib/gcc/arm-none-eabi/6.3.1/thumb/v6-m/crtbegin.o
 .text.atmel_start_init
                0x0000011c       0x14 atmel_start.o
                0x0000011c                atmel_start_init
 .text.Dummy_Handler
                0x00000130        0x2 Device_Startup/startup_samc21.o
                0x00000130                SVCall_Handler
                0x00000130                DMAC_Handler
                0x00000130                HardFault_Handler
                0x00000130                TC2_Handler
                0x00000130                AC_Handler
                0x00000130                SysTick_Handler
                0x00000130                PendSV_Handler
                0x00000130                SERCOM1_Handler
                0x00000130                NonMaskableInt_Handler
                0x00000130                TCC1_Handler
                0x00000130                SERCOM2_Handler
                0x00000130                TCC0_Handler
                0x00000130                RTC_Handler
                0x00000130                ADC1_Handler
                0x00000130                EIC_Handler
                0x00000130                WDT_Handler
                0x00000130                CAN0_Handler
                0x00000130                TC4_Handler
                0x00000130                TC1_Handler
                0x00000130                TC3_Handler
                0x00000130                SDADC_Handler
                0x00000130                Dummy_Handler
                0x00000130                ADC0_Handler
                0x00000130                TSENS_Handler
                0x00000130                TCC2_Handler
                0x00000130                EVSYS_Handler
                0x00000130                SERCOM3_Handler
                0x00000130                NVMCTRL_Handler
                0x00000130                SYSTEM_Handler
                0x00000130                SERCOM0_Handler
                0x00000130                DAC_Handler
                0x00000130                PTC_Handler
                0x00000130                FREQM_Handler
                0x00000130                TC0_Handler
 *fill*         0x00000132        0x2 
 .text.Reset_Handler
                0x00000134       0x68 Device_Startup/startup_samc21.o
                0x00000134                Reset_Handler
 .text.ADC_0_PORT_init
                0x0000019c       0x3c driver_init.o
                0x0000019c                ADC_0_PORT_init
 .text.ADC_0_CLOCK_init
                0x000001d8       0x20 driver_init.o
                0x000001d8                ADC_0_CLOCK_init
 .text.ADC_0_init
                0x000001f8       0x34 driver_init.o
                0x000001f8                ADC_0_init
 .text.TARGET_IO_PORT_init
                0x0000022c       0x42 driver_init.o
                0x0000022c                TARGET_IO_PORT_init
 *fill*         0x0000026e        0x2 
 .text.TARGET_IO_CLOCK_init
                0x00000270       0x24 driver_init.o
                0x00000270                TARGET_IO_CLOCK_init
 .text.TARGET_IO_init
                0x00000294       0x2c driver_init.o
                0x00000294                TARGET_IO_init
 .text.system_init
                0x000002c0       0x1c driver_init.o
                0x000002c0                system_init
 .text.adc_sync_init
                0x000002dc       0x38 hal/src/hal_adc_sync.o
                0x000002dc                adc_sync_init
 .text.adc_sync_enable_channel
                0x00000314       0x2c hal/src/hal_adc_sync.o
                0x00000314                adc_sync_enable_channel
 .text.adc_sync_read_channel
                0x00000340       0xb0 hal/src/hal_adc_sync.o
                0x00000340                adc_sync_read_channel
 .text.io_write
                0x000003f0       0x38 hal/src/hal_io.o
                0x000003f0                io_write
 .text.io_read  0x00000428       0x38 hal/src/hal_io.o
                0x00000428                io_read
 .text.usart_sync_write
                0x00000460       0x74 hal/src/hal_usart_sync.o
 .text.usart_sync_read
                0x000004d4       0x6c hal/src/hal_usart_sync.o
 .text.usart_sync_init
                0x00000540       0x4c hal/src/hal_usart_sync.o
                0x00000540                usart_sync_init
 .text.usart_sync_enable
                0x0000058c       0x2c hal/src/hal_usart_sync.o
                0x0000058c                usart_sync_enable
 .text.assert   0x000005b8        0x8 hal/utils/src/utils_assert.o
                0x000005b8                assert
 .text._sbrk    0x000005c0       0x24 hal/utils/src/utils_syscalls.o
                0x000005c0                _sbrk
 .text._close   0x000005e4        0x6 hal/utils/src/utils_syscalls.o
                0x000005e4                _close
 .text._fstat   0x000005ea        0xa hal/utils/src/utils_syscalls.o
                0x000005ea                _fstat
 .text._isatty  0x000005f4        0x4 hal/utils/src/utils_syscalls.o
                0x000005f4                _isatty
 .text._lseek   0x000005f8        0x4 hal/utils/src/utils_syscalls.o
                0x000005f8                _lseek
 .text._adc_get_hardware_index
                0x000005fc       0x10 hpl/adc/hpl_adc.o
 .text._adc_init
                0x0000060c      0x15c hpl/adc/hpl_adc.o
 .text._adc_get_regs
                0x00000768       0x40 hpl/adc/hpl_adc.o
 .text._adc_sync_init
                0x000007a8       0x38 hpl/adc/hpl_adc.o
                0x000007a8                _adc_sync_init
 .text._adc_sync_enable_channel
                0x000007e0       0x14 hpl/adc/hpl_adc.o
                0x000007e0                _adc_sync_enable_channel
 .text._adc_sync_get_data_size
                0x000007f4       0x16 hpl/adc/hpl_adc.o
                0x000007f4                _adc_sync_get_data_size
 .text._adc_sync_is_channel_conversion_done
                0x0000080a        0xa hpl/adc/hpl_adc.o
                0x0000080a                _adc_sync_is_channel_conversion_done
 .text._adc_sync_convert
                0x00000814       0x14 hpl/adc/hpl_adc.o
                0x00000814                _adc_sync_convert
 .text._adc_sync_read_channel_data
                0x00000828        0x8 hpl/adc/hpl_adc.o
                0x00000828                _adc_sync_read_channel_data
 .text._adc_get_adc_sync
                0x00000830        0x4 hpl/adc/hpl_adc.o
                0x00000830                _adc_get_adc_sync
 .text._init_chip
                0x00000834       0x40 hpl/core/hpl_init.o
                0x00000834                _init_chip
 .text._div_init
                0x00000874        0xe hpl/divas/hpl_divas.o
                0x00000874                _div_init
 .text.__aeabi_idiv
                0x00000882       0x36 hpl/divas/hpl_divas.o
                0x00000882                __aeabi_idiv
 .text.__aeabi_uidiv
                0x000008b8       0x36 hpl/divas/hpl_divas.o
                0x000008b8                __aeabi_uidiv
 *fill*         0x000008ee        0x2 
 .text.__aeabi_idivmod
                0x000008f0       0x3c hpl/divas/hpl_divas.o
                0x000008f0                __aeabi_idivmod
 .text.__aeabi_uidivmod
                0x0000092c       0x3c hpl/divas/hpl_divas.o
                0x0000092c                __aeabi_uidivmod
 .text._gclk_init_generators_by_fref
                0x00000968       0x3c hpl/gclk/hpl_gclk.o
                0x00000968                _gclk_init_generators_by_fref
 .text._mclk_init
                0x000009a4        0xc hpl/mclk/hpl_mclk.o
                0x000009a4                _mclk_init
 .text._osc32kctrl_init_sources
                0x000009b0       0x1c hpl/osc32kctrl/hpl_osc32kctrl.o
                0x000009b0                _osc32kctrl_init_sources
 .text._oscctrl_init_sources
                0x000009cc       0x3c hpl/oscctrl/hpl_oscctrl.o
                0x000009cc                _oscctrl_init_sources
 .text._oscctrl_init_referenced_generators
                0x00000a08        0x2 hpl/oscctrl/hpl_oscctrl.o
                0x00000a08                _oscctrl_init_referenced_generators
 *fill*         0x00000a0a        0x2 
 .text._sercom_get_hardware_index
                0x00000a0c       0x10 hpl/sercom/hpl_sercom.o
 .text._get_sercom_index
                0x00000a1c       0x44 hpl/sercom/hpl_sercom.o
 .text._usart_init
                0x00000a60       0xf0 hpl/sercom/hpl_sercom.o
 .text._usart_sync_init
                0x00000b50       0x2c hpl/sercom/hpl_sercom.o
                0x00000b50                _usart_sync_init
 .text._usart_sync_enable
                0x00000b7c       0x12 hpl/sercom/hpl_sercom.o
                0x00000b7c                _usart_sync_enable
 .text._usart_sync_write_byte
                0x00000b8e        0x8 hpl/sercom/hpl_sercom.o
                0x00000b8e                _usart_sync_write_byte
 .text._usart_sync_read_byte
                0x00000b96        0x8 hpl/sercom/hpl_sercom.o
                0x00000b96                _usart_sync_read_byte
 .text._usart_sync_is_ready_to_send
                0x00000b9e        0xa hpl/sercom/hpl_sercom.o
                0x00000b9e                _usart_sync_is_ready_to_send
 .text._usart_sync_is_transmit_done
                0x00000ba8        0xc hpl/sercom/hpl_sercom.o
                0x00000ba8                _usart_sync_is_transmit_done
 .text._usart_sync_is_byte_received
                0x00000bb4        0xc hpl/sercom/hpl_sercom.o
                0x00000bb4                _usart_sync_is_byte_received
 .text.steinhart_hart_equation
                0x00000bc0       0xe0 main.o
                0x00000bc0                steinhart_hart_equation
 .text.thermistor_temperature
                0x00000ca0       0x90 main.o
                0x00000ca0                thermistor_temperature
 .text.main     0x00000d30       0x6c main.o
                0x00000d30                main
 .text._read    0x00000d9c       0x28 stdio_redirect/gcc/read.o
                0x00000d9c                _read
 .text._write   0x00000dc4       0x28 stdio_redirect/gcc/write.o
                0x00000dc4                _write
 .text.stdio_io_init
                0x00000dec       0x2c stdio_redirect/stdio_io.o
                0x00000dec                stdio_io_init
 .text.stdio_io_read
                0x00000e18       0x24 stdio_redirect/stdio_io.o
                0x00000e18                stdio_io_read
 .text.stdio_io_write
                0x00000e3c       0x24 stdio_redirect/stdio_io.o
                0x00000e3c                stdio_io_write
 .text.stdio_redirect_init
                0x00000e60       0x20 stdio_start.o
                0x00000e60                stdio_redirect_init
 .text.pow      0x00000e80      0x358 c:/program files (x86)/atmel/studio/7.0/toolchain/arm/arm-gnu-toolchain/bin/../lib/gcc/arm-none-eabi/6.3.1/../../../../arm-none-eabi/lib/thumb/v6-m\libm.a(lib_a-w_pow.o)
                0x00000e80                pow
 .text.logf     0x000011d8       0xf8 c:/program files (x86)/atmel/studio/7.0/toolchain/arm/arm-gnu-toolchain/bin/../lib/gcc/arm-none-eabi/6.3.1/../../../../arm-none-eabi/lib/thumb/v6-m\libm.a(lib_a-wf_log.o)
                0x000011d8                logf
 .text.__ieee754_pow
                0x000012d0      0xa6c c:/program files (x86)/atmel/studio/7.0/toolchain/arm/arm-gnu-toolchain/bin/../lib/gcc/arm-none-eabi/6.3.1/../../../../arm-none-eabi/lib/thumb/v6-m\libm.a(lib_a-e_pow.o)
                0x000012d0                __ieee754_pow
 .text.__ieee754_sqrt
                0x00001d3c      0x1c0 c:/program files (x86)/atmel/studio/7.0/toolchain/arm/arm-gnu-toolchain/bin/../lib/gcc/arm-none-eabi/6.3.1/../../../../arm-none-eabi/lib/thumb/v6-m\libm.a(lib_a-e_sqrt.o)
                0x00001d3c                __ieee754_sqrt
 .text.__ieee754_logf
                0x00001efc      0x2d4 c:/program files (x86)/atmel/studio/7.0/toolchain/arm/arm-gnu-toolchain/bin/../lib/gcc/arm-none-eabi/6.3.1/../../../../arm-none-eabi/lib/thumb/v6-m\libm.a(lib_a-ef_log.o)
                0x00001efc                __ieee754_logf
 .text.fabs     0x000021d0        0x8 c:/program files (x86)/atmel/studio/7.0/toolchain/arm/arm-gnu-toolchain/bin/../lib/gcc/arm-none-eabi/6.3.1/../../../../arm-none-eabi/lib/thumb/v6-m\libm.a(lib_a-s_fabs.o)
                0x000021d0                fabs
 .text.finite   0x000021d8       0x14 c:/program files (x86)/atmel/studio/7.0/toolchain/arm/arm-gnu-toolchain/bin/../lib/gcc/arm-none-eabi/6.3.1/../../../../arm-none-eabi/lib/thumb/v6-m\libm.a(lib_a-s_finite.o)
                0x000021d8                finite
 .text.matherr  0x000021ec        0x4 c:/program files (x86)/atmel/studio/7.0/toolchain/arm/arm-gnu-toolchain/bin/../lib/gcc/arm-none-eabi/6.3.1/../../../../arm-none-eabi/lib/thumb/v6-m\libm.a(lib_a-s_matherr.o)
                0x000021ec                matherr
 .text.nan      0x000021f0        0xc c:/program files (x86)/atmel/studio/7.0/toolchain/arm/arm-gnu-toolchain/bin/../lib/gcc/arm-none-eabi/6.3.1/../../../../arm-none-eabi/lib/thumb/v6-m\libm.a(lib_a-s_nan.o)
                0x000021f0                nan
 .text.rint     0x000021fc      0x144 c:/program files (x86)/atmel/studio/7.0/toolchain/arm/arm-gnu-toolchain/bin/../lib/gcc/arm-none-eabi/6.3.1/../../../../arm-none-eabi/lib/thumb/v6-m\libm.a(lib_a-s_rint.o)
                0x000021fc                rint
 .text.scalbn   0x00002340       0xd0 c:/program files (x86)/atmel/studio/7.0/toolchain/arm/arm-gnu-toolchain/bin/../lib/gcc/arm-none-eabi/6.3.1/../../../../arm-none-eabi/lib/thumb/v6-m\libm.a(lib_a-s_scalbn.o)
                0x00002340                scalbn
 .text.copysign
                0x00002410       0x10 c:/program files (x86)/atmel/studio/7.0/toolchain/arm/arm-gnu-toolchain/bin/../lib/gcc/arm-none-eabi/6.3.1/../../../../arm-none-eabi/lib/thumb/v6-m\libm.a(lib_a-s_copysign.o)
                0x00002410                copysign
 .text          0x00002420       0x7c c:/program files (x86)/atmel/studio/7.0/toolchain/arm/arm-gnu-toolchain/bin/../lib/gcc/arm-none-eabi/6.3.1/thumb/v6-m\libgcc.a(_arm_cmpdf2.o)
                0x00002420                __aeabi_cdrcmple
                0x00002430                __aeabi_cdcmple
                0x00002430                __aeabi_cdcmpeq
                0x00002440                __aeabi_dcmpeq
                0x0000244c                __aeabi_dcmplt
                0x00002460                __aeabi_dcmple
                0x00002474                __aeabi_dcmpgt
                0x00002488                __aeabi_dcmpge
 .text          0x0000249c       0x74 c:/program files (x86)/atmel/studio/7.0/toolchain/arm/arm-gnu-toolchain/bin/../lib/gcc/arm-none-eabi/6.3.1/thumb/v6-m\libgcc.a(_arm_cmpsf2.o)
                0x0000249c                __aeabi_cfrcmple
                0x000024a4                __aeabi_cfcmpeq
                0x000024a4                __aeabi_cfcmple
                0x000024b4                __aeabi_fcmpeq
                0x000024c0                __aeabi_fcmplt
                0x000024d4                __aeabi_fcmple
                0x000024e8                __aeabi_fcmpgt
                0x000024fc                __aeabi_fcmpge
 .text          0x00002510      0x324 c:/program files (x86)/atmel/studio/7.0/toolchain/arm/arm-gnu-toolchain/bin/../lib/gcc/arm-none-eabi/6.3.1/thumb/v6-m\libgcc.a(addsf3.o)
                0x00002510                __aeabi_fadd
 .text          0x00002834      0x290 c:/program files (x86)/atmel/studio/7.0/toolchain/arm/arm-gnu-toolchain/bin/../lib/gcc/arm-none-eabi/6.3.1/thumb/v6-m\libgcc.a(divsf3.o)
                0x00002834                __aeabi_fdiv
 .text          0x00002ac4       0x4c c:/program files (x86)/atmel/studio/7.0/toolchain/arm/arm-gnu-toolchain/bin/../lib/gcc/arm-none-eabi/6.3.1/thumb/v6-m\libgcc.a(eqsf2.o)
                0x00002ac4                __eqsf2
                0x00002ac4                __nesf2
 .text          0x00002b10       0x80 c:/program files (x86)/atmel/studio/7.0/toolchain/arm/arm-gnu-toolchain/bin/../lib/gcc/arm-none-eabi/6.3.1/thumb/v6-m\libgcc.a(gesf2.o)
                0x00002b10                __gesf2
                0x00002b10                __gtsf2
 .text          0x00002b90       0x84 c:/program files (x86)/atmel/studio/7.0/toolchain/arm/arm-gnu-toolchain/bin/../lib/gcc/arm-none-eabi/6.3.1/thumb/v6-m\libgcc.a(lesf2.o)
                0x00002b90                __ltsf2
                0x00002b90                __lesf2
 .text          0x00002c14      0x240 c:/program files (x86)/atmel/studio/7.0/toolchain/arm/arm-gnu-toolchain/bin/../lib/gcc/arm-none-eabi/6.3.1/thumb/v6-m\libgcc.a(mulsf3.o)
                0x00002c14                __aeabi_fmul
 .text          0x00002e54      0x338 c:/program files (x86)/atmel/studio/7.0/toolchain/arm/arm-gnu-toolchain/bin/../lib/gcc/arm-none-eabi/6.3.1/thumb/v6-m\libgcc.a(subsf3.o)
                0x00002e54                __aeabi_fsub
 .text          0x0000318c       0x30 c:/program files (x86)/atmel/studio/7.0/toolchain/arm/arm-gnu-toolchain/bin/../lib/gcc/arm-none-eabi/6.3.1/thumb/v6-m\libgcc.a(unordsf2.o)
                0x0000318c                __aeabi_fcmpun
 .text          0x000031bc       0xa0 c:/program files (x86)/atmel/studio/7.0/toolchain/arm/arm-gnu-toolchain/bin/../lib/gcc/arm-none-eabi/6.3.1/thumb/v6-m\libgcc.a(floatsisf.o)
                0x000031bc                __aeabi_i2f
 .text          0x0000325c      0x620 c:/program files (x86)/atmel/studio/7.0/toolchain/arm/arm-gnu-toolchain/bin/../lib/gcc/arm-none-eabi/6.3.1/thumb/v6-m\libgcc.a(adddf3.o)
                0x0000325c                __aeabi_dadd
 .text          0x0000387c      0x668 c:/program files (x86)/atmel/studio/7.0/toolchain/arm/arm-gnu-toolchain/bin/../lib/gcc/arm-none-eabi/6.3.1/thumb/v6-m\libgcc.a(divdf3.o)
                0x0000387c                __aeabi_ddiv
 .text          0x00003ee4       0x74 c:/program files (x86)/atmel/studio/7.0/toolchain/arm/arm-gnu-toolchain/bin/../lib/gcc/arm-none-eabi/6.3.1/thumb/v6-m\libgcc.a(eqdf2.o)
                0x00003ee4                __nedf2
                0x00003ee4                __eqdf2
 .text          0x00003f58       0xc8 c:/program files (x86)/atmel/studio/7.0/toolchain/arm/arm-gnu-toolchain/bin/../lib/gcc/arm-none-eabi/6.3.1/thumb/v6-m\libgcc.a(gedf2.o)
                0x00003f58                __gedf2
                0x00003f58                __gtdf2
 .text          0x00004020       0xc4 c:/program files (x86)/atmel/studio/7.0/toolchain/arm/arm-gnu-toolchain/bin/../lib/gcc/arm-none-eabi/6.3.1/thumb/v6-m\libgcc.a(ledf2.o)
                0x00004020                __ledf2
                0x00004020                __ltdf2
 .text          0x000040e4      0x500 c:/program files (x86)/atmel/studio/7.0/toolchain/arm/arm-gnu-toolchain/bin/../lib/gcc/arm-none-eabi/6.3.1/thumb/v6-m\libgcc.a(muldf3.o)
                0x000040e4                __aeabi_dmul
 .text          0x000045e4      0x62c c:/program files (x86)/atmel/studio/7.0/toolchain/arm/arm-gnu-toolchain/bin/../lib/gcc/arm-none-eabi/6.3.1/thumb/v6-m\libgcc.a(subdf3.o)
                0x000045e4                __aeabi_dsub
 .text          0x00004c10       0x40 c:/program files (x86)/atmel/studio/7.0/toolchain/arm/arm-gnu-toolchain/bin/../lib/gcc/arm-none-eabi/6.3.1/thumb/v6-m\libgcc.a(unorddf2.o)
                0x00004c10                __aeabi_dcmpun
 .text          0x00004c50       0x68 c:/program files (x86)/atmel/studio/7.0/toolchain/arm/arm-gnu-toolchain/bin/../lib/gcc/arm-none-eabi/6.3.1/thumb/v6-m\libgcc.a(fixdfsi.o)
                0x00004c50                __aeabi_d2iz
 .text          0x00004cb8       0x84 c:/program files (x86)/atmel/studio/7.0/toolchain/arm/arm-gnu-toolchain/bin/../lib/gcc/arm-none-eabi/6.3.1/thumb/v6-m\libgcc.a(floatsidf.o)
                0x00004cb8                __aeabi_i2d
 .text          0x00004d3c       0x70 c:/program files (x86)/atmel/studio/7.0/toolchain/arm/arm-gnu-toolchain/bin/../lib/gcc/arm-none-eabi/6.3.1/thumb/v6-m\libgcc.a(floatunsidf.o)
                0x00004d3c                __aeabi_ui2d
 .text          0x00004dac       0xa4 c:/program files (x86)/atmel/studio/7.0/toolchain/arm/arm-gnu-toolchain/bin/../lib/gcc/arm-none-eabi/6.3.1/thumb/v6-m\libgcc.a(extendsfdf2.o)
                0x00004dac                __aeabi_f2d
 .text          0x00004e50      0x114 c:/program files (x86)/atmel/studio/7.0/toolchain/arm/arm-gnu-toolchain/bin/../lib/gcc/arm-none-eabi/6.3.1/thumb/v6-m\libgcc.a(truncdfsf2.o)
                0x00004e50                __aeabi_d2f
 .text          0x00004f64       0x3c c:/program files (x86)/atmel/studio/7.0/toolchain/arm/arm-gnu-toolchain/bin/../lib/gcc/arm-none-eabi/6.3.1/thumb/v6-m\libgcc.a(_clzsi2.o)
                0x00004f64                __clzsi2
 .text.__errno  0x00004fa0        0xc c:/program files (x86)/atmel/studio/7.0/toolchain/arm/arm-gnu-toolchain/bin/../lib/gcc/arm-none-eabi/6.3.1/../../../../arm-none-eabi/lib/thumb/v6-m\libc_nano.a(lib_a-errno.o)
                0x00004fa0                __errno
 .text.__libc_init_array
                0x00004fac       0x48 c:/program files (x86)/atmel/studio/7.0/toolchain/arm/arm-gnu-toolchain/bin/../lib/gcc/arm-none-eabi/6.3.1/../../../../arm-none-eabi/lib/thumb/v6-m\libc_nano.a(lib_a-init.o)
                0x00004fac                __libc_init_array
 .text.memset   0x00004ff4       0x10 c:/program files (x86)/atmel/studio/7.0/toolchain/arm/arm-gnu-toolchain/bin/../lib/gcc/arm-none-eabi/6.3.1/../../../../arm-none-eabi/lib/thumb/v6-m\libc_nano.a(lib_a-memset.o)
                0x00004ff4                memset
 .text.__cvt    0x00005004       0xc8 c:/program files (x86)/atmel/studio/7.0/toolchain/arm/arm-gnu-toolchain/bin/../lib/gcc/arm-none-eabi/6.3.1/../../../../arm-none-eabi/lib/thumb/v6-m\libc_nano.a(lib_a-nano-vfprintf_float.o)
                0x00005004                __cvt
 .text.__exponent
                0x000050cc       0x70 c:/program files (x86)/atmel/studio/7.0/toolchain/arm/arm-gnu-toolchain/bin/../lib/gcc/arm-none-eabi/6.3.1/../../../../arm-none-eabi/lib/thumb/v6-m\libc_nano.a(lib_a-nano-vfprintf_float.o)
                0x000050cc                __exponent
 .text._printf_float
                0x0000513c      0x498 c:/program files (x86)/atmel/studio/7.0/toolchain/arm/arm-gnu-toolchain/bin/../lib/gcc/arm-none-eabi/6.3.1/../../../../arm-none-eabi/lib/thumb/v6-m\libc_nano.a(lib_a-nano-vfprintf_float.o)
                0x0000513c                _printf_float
 .text._printf_common
                0x000055d4       0xda c:/program files (x86)/atmel/studio/7.0/toolchain/arm/arm-gnu-toolchain/bin/../lib/gcc/arm-none-eabi/6.3.1/../../../../arm-none-eabi/lib/thumb/v6-m\libc_nano.a(lib_a-nano-vfprintf_i.o)
                0x000055d4                _printf_common
 *fill*         0x000056ae        0x2 
 .text._printf_i
                0x000056b0      0x234 c:/program files (x86)/atmel/studio/7.0/toolchain/arm/arm-gnu-toolchain/bin/../lib/gcc/arm-none-eabi/6.3.1/../../../../arm-none-eabi/lib/thumb/v6-m\libc_nano.a(lib_a-nano-vfprintf_i.o)
                0x000056b0                _printf_i
 .text.printf   0x000058e4       0x34 c:/program files (x86)/atmel/studio/7.0/toolchain/arm/arm-gnu-toolchain/bin/../lib/gcc/arm-none-eabi/6.3.1/../../../../arm-none-eabi/lib/thumb/v6-m\libc_nano.a(lib_a-printf.o)
                0x000058e4                iprintf
                0x000058e4                printf
 .text.setbuf   0x00005918       0x12 c:/program files (x86)/atmel/studio/7.0/toolchain/arm/arm-gnu-toolchain/bin/../lib/gcc/arm-none-eabi/6.3.1/../../../../arm-none-eabi/lib/thumb/v6-m\libc_nano.a(lib_a-setbuf.o)
                0x00005918                setbuf
 *fill*         0x0000592a        0x2 
 .text.setvbuf  0x0000592c      0x158 c:/program files (x86)/atmel/studio/7.0/toolchain/arm/arm-gnu-toolchain/bin/../lib/gcc/arm-none-eabi/6.3.1/../../../../arm-none-eabi/lib/thumb/v6-m\libc_nano.a(lib_a-setvbuf.o)
                0x0000592c                setvbuf
 .text          0x00005a84        0xe c:/program files (x86)/atmel/studio/7.0/toolchain/arm/arm-gnu-toolchain/bin/../lib/gcc/arm-none-eabi/6.3.1/../../../../arm-none-eabi/lib/thumb/v6-m\libc_nano.a(lib_a-strlen.o)
                0x00005a84                strlen
 *fill*         0x00005a92        0x2 
 .text.__swbuf_r
                0x00005a94       0xac c:/program files (x86)/atmel/studio/7.0/toolchain/arm/arm-gnu-toolchain/bin/../lib/gcc/arm-none-eabi/6.3.1/../../../../arm-none-eabi/lib/thumb/v6-m\libc_nano.a(lib_a-wbuf.o)
                0x00005a94                __swbuf_r
 .text.__swsetup_r
                0x00005b40       0xec c:/program files (x86)/atmel/studio/7.0/toolchain/arm/arm-gnu-toolchain/bin/../lib/gcc/arm-none-eabi/6.3.1/../../../../arm-none-eabi/lib/thumb/v6-m\libc_nano.a(lib_a-wsetup.o)
                0x00005b40                __swsetup_r
 .text.quorem   0x00005c2c      0x108 c:/program files (x86)/atmel/studio/7.0/toolchain/arm/arm-gnu-toolchain/bin/../lib/gcc/arm-none-eabi/6.3.1/../../../../arm-none-eabi/lib/thumb/v6-m\libc_nano.a(lib_a-dtoa.o)
 .text._dtoa_r  0x00005d34      0xbd0 c:/program files (x86)/atmel/studio/7.0/toolchain/arm/arm-gnu-toolchain/bin/../lib/gcc/arm-none-eabi/6.3.1/../../../../arm-none-eabi/lib/thumb/v6-m\libc_nano.a(lib_a-dtoa.o)
                0x00005d34                _dtoa_r
 .text.__sflush_r
                0x00006904      0x114 c:/program files (x86)/atmel/studio/7.0/toolchain/arm/arm-gnu-toolchain/bin/../lib/gcc/arm-none-eabi/6.3.1/../../../../arm-none-eabi/lib/thumb/v6-m\libc_nano.a(lib_a-fflush.o)
                0x00006904                __sflush_r
 .text._fflush_r
                0x00006a18       0x58 c:/program files (x86)/atmel/studio/7.0/toolchain/arm/arm-gnu-toolchain/bin/../lib/gcc/arm-none-eabi/6.3.1/../../../../arm-none-eabi/lib/thumb/v6-m\libc_nano.a(lib_a-fflush.o)
                0x00006a18                _fflush_r
 .text._cleanup_r
                0x00006a70       0x10 c:/program files (x86)/atmel/studio/7.0/toolchain/arm/arm-gnu-toolchain/bin/../lib/gcc/arm-none-eabi/6.3.1/../../../../arm-none-eabi/lib/thumb/v6-m\libc_nano.a(lib_a-findfp.o)
                0x00006a70                _cleanup_r
 .text.std.isra.0
                0x00006a80       0x48 c:/program files (x86)/atmel/studio/7.0/toolchain/arm/arm-gnu-toolchain/bin/../lib/gcc/arm-none-eabi/6.3.1/../../../../arm-none-eabi/lib/thumb/v6-m\libc_nano.a(lib_a-findfp.o)
 .text.__sfmoreglue
                0x00006ac8       0x2c c:/program files (x86)/atmel/studio/7.0/toolchain/arm/arm-gnu-toolchain/bin/../lib/gcc/arm-none-eabi/6.3.1/../../../../arm-none-eabi/lib/thumb/v6-m\libc_nano.a(lib_a-findfp.o)
                0x00006ac8                __sfmoreglue
 .text.__sinit  0x00006af4       0x68 c:/program files (x86)/atmel/studio/7.0/toolchain/arm/arm-gnu-toolchain/bin/../lib/gcc/arm-none-eabi/6.3.1/../../../../arm-none-eabi/lib/thumb/v6-m\libc_nano.a(lib_a-findfp.o)
                0x00006af4                __sinit
 .text.__sfp    0x00006b5c       0x80 c:/program files (x86)/atmel/studio/7.0/toolchain/arm/arm-gnu-toolchain/bin/../lib/gcc/arm-none-eabi/6.3.1/../../../../arm-none-eabi/lib/thumb/v6-m\libc_nano.a(lib_a-findfp.o)
                0x00006b5c                __sfp
 .text._fwalk_reent
                0x00006bdc       0x42 c:/program files (x86)/atmel/studio/7.0/toolchain/arm/arm-gnu-toolchain/bin/../lib/gcc/arm-none-eabi/6.3.1/../../../../arm-none-eabi/lib/thumb/v6-m\libc_nano.a(lib_a-fwalk.o)
                0x00006bdc                _fwalk_reent
 *fill*         0x00006c1e        0x2 
 .text._localeconv_r
                0x00006c20       0x18 c:/program files (x86)/atmel/studio/7.0/toolchain/arm/arm-gnu-toolchain/bin/../lib/gcc/arm-none-eabi/6.3.1/../../../../arm-none-eabi/lib/thumb/v6-m\libc_nano.a(lib_a-localeconv.o)
                0x00006c20                _localeconv_r
 .text.__swhatbuf_r
                0x00006c38       0x50 c:/program files (x86)/atmel/studio/7.0/toolchain/arm/arm-gnu-toolchain/bin/../lib/gcc/arm-none-eabi/6.3.1/../../../../arm-none-eabi/lib/thumb/v6-m\libc_nano.a(lib_a-makebuf.o)
                0x00006c38                __swhatbuf_r
 .text.__smakebuf_r
                0x00006c88       0x88 c:/program files (x86)/atmel/studio/7.0/toolchain/arm/arm-gnu-toolchain/bin/../lib/gcc/arm-none-eabi/6.3.1/../../../../arm-none-eabi/lib/thumb/v6-m\libc_nano.a(lib_a-makebuf.o)
                0x00006c88                __smakebuf_r
 .text.malloc   0x00006d10       0x14 c:/program files (x86)/atmel/studio/7.0/toolchain/arm/arm-gnu-toolchain/bin/../lib/gcc/arm-none-eabi/6.3.1/../../../../arm-none-eabi/lib/thumb/v6-m\libc_nano.a(lib_a-malloc.o)
                0x00006d10                malloc
 .text.memchr   0x00006d24       0x16 c:/program files (x86)/atmel/studio/7.0/toolchain/arm/arm-gnu-toolchain/bin/../lib/gcc/arm-none-eabi/6.3.1/../../../../arm-none-eabi/lib/thumb/v6-m\libc_nano.a(lib_a-memchr-stub.o)
                0x00006d24                memchr
 .text.memcpy   0x00006d3a       0x12 c:/program files (x86)/atmel/studio/7.0/toolchain/arm/arm-gnu-toolchain/bin/../lib/gcc/arm-none-eabi/6.3.1/../../../../arm-none-eabi/lib/thumb/v6-m\libc_nano.a(lib_a-memcpy-stub.o)
                0x00006d3a                memcpy
 .text._Balloc  0x00006d4c       0x70 c:/program files (x86)/atmel/studio/7.0/toolchain/arm/arm-gnu-toolchain/bin/../lib/gcc/arm-none-eabi/6.3.1/../../../../arm-none-eabi/lib/thumb/v6-m\libc_nano.a(lib_a-mprec.o)
                0x00006d4c                _Balloc
 .text._Bfree   0x00006dbc       0x32 c:/program files (x86)/atmel/studio/7.0/toolchain/arm/arm-gnu-toolchain/bin/../lib/gcc/arm-none-eabi/6.3.1/../../../../arm-none-eabi/lib/thumb/v6-m\libc_nano.a(lib_a-mprec.o)
                0x00006dbc                _Bfree
 .text.__multadd
                0x00006dee       0x78 c:/program files (x86)/atmel/studio/7.0/toolchain/arm/arm-gnu-toolchain/bin/../lib/gcc/arm-none-eabi/6.3.1/../../../../arm-none-eabi/lib/thumb/v6-m\libc_nano.a(lib_a-mprec.o)
                0x00006dee                __multadd
 .text.__hi0bits
                0x00006e66       0x34 c:/program files (x86)/atmel/studio/7.0/toolchain/arm/arm-gnu-toolchain/bin/../lib/gcc/arm-none-eabi/6.3.1/../../../../arm-none-eabi/lib/thumb/v6-m\libc_nano.a(lib_a-mprec.o)
                0x00006e66                __hi0bits
 .text.__lo0bits
                0x00006e9a       0x5e c:/program files (x86)/atmel/studio/7.0/toolchain/arm/arm-gnu-toolchain/bin/../lib/gcc/arm-none-eabi/6.3.1/../../../../arm-none-eabi/lib/thumb/v6-m\libc_nano.a(lib_a-mprec.o)
                0x00006e9a                __lo0bits
 .text.__i2b    0x00006ef8       0x12 c:/program files (x86)/atmel/studio/7.0/toolchain/arm/arm-gnu-toolchain/bin/../lib/gcc/arm-none-eabi/6.3.1/../../../../arm-none-eabi/lib/thumb/v6-m\libc_nano.a(lib_a-mprec.o)
                0x00006ef8                __i2b
 .text.__multiply
                0x00006f0a      0x11e c:/program files (x86)/atmel/studio/7.0/toolchain/arm/arm-gnu-toolchain/bin/../lib/gcc/arm-none-eabi/6.3.1/../../../../arm-none-eabi/lib/thumb/v6-m\libc_nano.a(lib_a-mprec.o)
                0x00006f0a                __multiply
 .text.__pow5mult
                0x00007028       0xa4 c:/program files (x86)/atmel/studio/7.0/toolchain/arm/arm-gnu-toolchain/bin/../lib/gcc/arm-none-eabi/6.3.1/../../../../arm-none-eabi/lib/thumb/v6-m\libc_nano.a(lib_a-mprec.o)
                0x00007028                __pow5mult
 .text.__lshift
                0x000070cc       0xa2 c:/program files (x86)/atmel/studio/7.0/toolchain/arm/arm-gnu-toolchain/bin/../lib/gcc/arm-none-eabi/6.3.1/../../../../arm-none-eabi/lib/thumb/v6-m\libc_nano.a(lib_a-mprec.o)
                0x000070cc                __lshift
 .text.__mcmp   0x0000716e       0x32 c:/program files (x86)/atmel/studio/7.0/toolchain/arm/arm-gnu-toolchain/bin/../lib/gcc/arm-none-eabi/6.3.1/../../../../arm-none-eabi/lib/thumb/v6-m\libc_nano.a(lib_a-mprec.o)
                0x0000716e                __mcmp
 .text.__mdiff  0x000071a0       0xc8 c:/program files (x86)/atmel/studio/7.0/toolchain/arm/arm-gnu-toolchain/bin/../lib/gcc/arm-none-eabi/6.3.1/../../../../arm-none-eabi/lib/thumb/v6-m\libc_nano.a(lib_a-mprec.o)
                0x000071a0                __mdiff
 .text.__d2b    0x00007268       0xa8 c:/program files (x86)/atmel/studio/7.0/toolchain/arm/arm-gnu-toolchain/bin/../lib/gcc/arm-none-eabi/6.3.1/../../../../arm-none-eabi/lib/thumb/v6-m\libc_nano.a(lib_a-mprec.o)
                0x00007268                __d2b
 .text._calloc_r
                0x00007310       0x1c c:/program files (x86)/atmel/studio/7.0/toolchain/arm/arm-gnu-toolchain/bin/../lib/gcc/arm-none-eabi/6.3.1/../../../../arm-none-eabi/lib/thumb/v6-m\libc_nano.a(lib_a-nano-callocr.o)
                0x00007310                _calloc_r
 .text._free_r  0x0000732c       0x94 c:/program files (x86)/atmel/studio/7.0/toolchain/arm/arm-gnu-toolchain/bin/../lib/gcc/arm-none-eabi/6.3.1/../../../../arm-none-eabi/lib/thumb/v6-m\libc_nano.a(lib_a-nano-freer.o)
                0x0000732c                _free_r
 .text._malloc_r
                0x000073c0       0xbc c:/program files (x86)/atmel/studio/7.0/toolchain/arm/arm-gnu-toolchain/bin/../lib/gcc/arm-none-eabi/6.3.1/../../../../arm-none-eabi/lib/thumb/v6-m\libc_nano.a(lib_a-nano-mallocr.o)
                0x000073c0                _malloc_r
 .text.__sfputc_r
                0x0000747c       0x2a c:/program files (x86)/atmel/studio/7.0/toolchain/arm/arm-gnu-toolchain/bin/../lib/gcc/arm-none-eabi/6.3.1/../../../../arm-none-eabi/lib/thumb/v6-m\libc_nano.a(lib_a-nano-vfprintf.o)
 .text.__sfputs_r
                0x000074a6       0x24 c:/program files (x86)/atmel/studio/7.0/toolchain/arm/arm-gnu-toolchain/bin/../lib/gcc/arm-none-eabi/6.3.1/../../../../arm-none-eabi/lib/thumb/v6-m\libc_nano.a(lib_a-nano-vfprintf.o)
                0x000074a6                __sfputs_r
 *fill*         0x000074ca        0x2 
 .text._vfprintf_r
                0x000074cc      0x238 c:/program files (x86)/atmel/studio/7.0/toolchain/arm/arm-gnu-toolchain/bin/../lib/gcc/arm-none-eabi/6.3.1/../../../../arm-none-eabi/lib/thumb/v6-m\libc_nano.a(lib_a-nano-vfprintf.o)
                0x000074cc                _vfprintf_r
                0x000074cc                _vfiprintf_r
 .text._sbrk_r  0x00007704       0x24 c:/program files (x86)/atmel/studio/7.0/toolchain/arm/arm-gnu-toolchain/bin/../lib/gcc/arm-none-eabi/6.3.1/../../../../arm-none-eabi/lib/thumb/v6-m\libc_nano.a(lib_a-sbrkr.o)
                0x00007704                _sbrk_r
 .text.__sread  0x00007728       0x28 c:/program files (x86)/atmel/studio/7.0/toolchain/arm/arm-gnu-toolchain/bin/../lib/gcc/arm-none-eabi/6.3.1/../../../../arm-none-eabi/lib/thumb/v6-m\libc_nano.a(lib_a-stdio.o)
                0x00007728                __sread
 .text.__swrite
                0x00007750       0x38 c:/program files (x86)/atmel/studio/7.0/toolchain/arm/arm-gnu-toolchain/bin/../lib/gcc/arm-none-eabi/6.3.1/../../../../arm-none-eabi/lib/thumb/v6-m\libc_nano.a(lib_a-stdio.o)
                0x00007750                __swrite
 .text.__sseek  0x00007788       0x2c c:/program files (x86)/atmel/studio/7.0/toolchain/arm/arm-gnu-toolchain/bin/../lib/gcc/arm-none-eabi/6.3.1/../../../../arm-none-eabi/lib/thumb/v6-m\libc_nano.a(lib_a-stdio.o)
                0x00007788                __sseek
 .text.__sclose
                0x000077b4        0xc c:/program files (x86)/atmel/studio/7.0/toolchain/arm/arm-gnu-toolchain/bin/../lib/gcc/arm-none-eabi/6.3.1/../../../../arm-none-eabi/lib/thumb/v6-m\libc_nano.a(lib_a-stdio.o)
                0x000077b4                __sclose
 .text._write_r
                0x000077c0       0x28 c:/program files (x86)/atmel/studio/7.0/toolchain/arm/arm-gnu-toolchain/bin/../lib/gcc/arm-none-eabi/6.3.1/../../../../arm-none-eabi/lib/thumb/v6-m\libc_nano.a(lib_a-writer.o)
                0x000077c0                _write_r
 .text._close_r
                0x000077e8       0x24 c:/program files (x86)/atmel/studio/7.0/toolchain/arm/arm-gnu-toolchain/bin/../lib/gcc/arm-none-eabi/6.3.1/../../../../arm-none-eabi/lib/thumb/v6-m\libc_nano.a(lib_a-closer.o)
                0x000077e8                _close_r
 .text._fstat_r
                0x0000780c       0x24 c:/program files (x86)/atmel/studio/7.0/toolchain/arm/arm-gnu-toolchain/bin/../lib/gcc/arm-none-eabi/6.3.1/../../../../arm-none-eabi/lib/thumb/v6-m\libc_nano.a(lib_a-fstatr.o)
                0x0000780c                _fstat_r
 .text._isatty_r
                0x00007830       0x24 c:/program files (x86)/atmel/studio/7.0/toolchain/arm/arm-gnu-toolchain/bin/../lib/gcc/arm-none-eabi/6.3.1/../../../../arm-none-eabi/lib/thumb/v6-m\libc_nano.a(lib_a-isattyr.o)
                0x00007830                _isatty_r
 .text._lseek_r
                0x00007854       0x28 c:/program files (x86)/atmel/studio/7.0/toolchain/arm/arm-gnu-toolchain/bin/../lib/gcc/arm-none-eabi/6.3.1/../../../../arm-none-eabi/lib/thumb/v6-m\libc_nano.a(lib_a-lseekr.o)
                0x00007854                _lseek_r
 .text.__ascii_mbtowc
                0x0000787c       0x24 c:/program files (x86)/atmel/studio/7.0/toolchain/arm/arm-gnu-toolchain/bin/../lib/gcc/arm-none-eabi/6.3.1/../../../../arm-none-eabi/lib/thumb/v6-m\libc_nano.a(lib_a-mbtowc_r.o)
                0x0000787c                __ascii_mbtowc
 .text.__malloc_lock
                0x000078a0        0x2 c:/program files (x86)/atmel/studio/7.0/toolchain/arm/arm-gnu-toolchain/bin/../lib/gcc/arm-none-eabi/6.3.1/../../../../arm-none-eabi/lib/thumb/v6-m\libc_nano.a(lib_a-mlock.o)
                0x000078a0                __malloc_lock
 .text.__malloc_unlock
                0x000078a2        0x2 c:/program files (x86)/atmel/studio/7.0/toolchain/arm/arm-gnu-toolchain/bin/../lib/gcc/arm-none-eabi/6.3.1/../../../../arm-none-eabi/lib/thumb/v6-m\libc_nano.a(lib_a-mlock.o)
                0x000078a2                __malloc_unlock
 .text._read_r  0x000078a4       0x28 c:/program files (x86)/atmel/studio/7.0/toolchain/arm/arm-gnu-toolchain/bin/../lib/gcc/arm-none-eabi/6.3.1/../../../../arm-none-eabi/lib/thumb/v6-m\libc_nano.a(lib_a-readr.o)
                0x000078a4                _read_r
 .text.__ascii_wctomb
                0x000078cc       0x18 c:/program files (x86)/atmel/studio/7.0/toolchain/arm/arm-gnu-toolchain/bin/../lib/gcc/arm-none-eabi/6.3.1/../../../../arm-none-eabi/lib/thumb/v6-m\libc_nano.a(lib_a-wctomb_r.o)
                0x000078cc                __ascii_wctomb
 .text          0x000078e4       0x14 c:/program files (x86)/atmel/studio/7.0/toolchain/arm/arm-gnu-toolchain/bin/../lib/gcc/arm-none-eabi/6.3.1/thumb/v6-m\libgcc.a(_thumb1_case_uqi.o)
                0x000078e4                __gnu_thumb1_case_uqi
 *(.glue_7t)
 .glue_7t       0x000078f8        0x0 linker stubs
 *(.glue_7)
 .glue_7        0x000078f8        0x0 linker stubs
 *(.rodata .rodata* .gnu.linkonce.r.*)
 .rodata.str1.4
                0x000078f8       0x1a hal/src/hal_adc_sync.o
 *fill*         0x00007912        0x2 
 .rodata.str1.4
                0x00007914       0x14 hal/src/hal_io.o
 .rodata.str1.4
                0x00007928       0x1c hal/src/hal_usart_sync.o
 .rodata        0x00007944       0x1c hpl/adc/hpl_adc.o
 .rodata.str1.4
                0x00007960       0x15 hpl/adc/hpl_adc.o
 *fill*         0x00007975        0x3 
 .rodata        0x00007978       0x4d hpl/sercom/hpl_sercom.o
 *fill*         0x000079c5        0x3 
 .rodata.str1.4
                0x000079c8       0x1b hpl/sercom/hpl_sercom.o
 *fill*         0x000079e3        0x1 
 .rodata.str1.4
                0x000079e4       0x50 main.o
 .rodata.pow.str1.4
                0x00007a34        0x4 c:/program files (x86)/atmel/studio/7.0/toolchain/arm/arm-gnu-toolchain/bin/../lib/gcc/arm-none-eabi/6.3.1/../../../../arm-none-eabi/lib/thumb/v6-m\libm.a(lib_a-w_pow.o)
 .rodata.logf.str1.4
                0x00007a38        0x8 c:/program files (x86)/atmel/studio/7.0/toolchain/arm/arm-gnu-toolchain/bin/../lib/gcc/arm-none-eabi/6.3.1/../../../../arm-none-eabi/lib/thumb/v6-m\libm.a(lib_a-wf_log.o)
                                  0x9 (size before relaxing)
 .rodata.__ieee754_pow.str1.4
                0x00007a40        0x1 c:/program files (x86)/atmel/studio/7.0/toolchain/arm/arm-gnu-toolchain/bin/../lib/gcc/arm-none-eabi/6.3.1/../../../../arm-none-eabi/lib/thumb/v6-m\libm.a(lib_a-e_pow.o)
 .rodata.TWO52  0x00007a40       0x10 c:/program files (x86)/atmel/studio/7.0/toolchain/arm/arm-gnu-toolchain/bin/../lib/gcc/arm-none-eabi/6.3.1/../../../../arm-none-eabi/lib/thumb/v6-m\libm.a(lib_a-s_rint.o)
 .rodata        0x00007a50       0x80 c:/program files (x86)/atmel/studio/7.0/toolchain/arm/arm-gnu-toolchain/bin/../lib/gcc/arm-none-eabi/6.3.1/thumb/v6-m\libgcc.a(divsf3.o)
 .rodata        0x00007ad0       0x40 c:/program files (x86)/atmel/studio/7.0/toolchain/arm/arm-gnu-toolchain/bin/../lib/gcc/arm-none-eabi/6.3.1/thumb/v6-m\libgcc.a(mulsf3.o)
 .rodata        0x00007b10       0x40 c:/program files (x86)/atmel/studio/7.0/toolchain/arm/arm-gnu-toolchain/bin/../lib/gcc/arm-none-eabi/6.3.1/thumb/v6-m\libgcc.a(divdf3.o)
 .rodata        0x00007b50       0x40 c:/program files (x86)/atmel/studio/7.0/toolchain/arm/arm-gnu-toolchain/bin/../lib/gcc/arm-none-eabi/6.3.1/thumb/v6-m\libgcc.a(muldf3.o)
 .rodata._global_impure_ptr
                0x00007b90        0x4 c:/program files (x86)/atmel/studio/7.0/toolchain/arm/arm-gnu-toolchain/bin/../lib/gcc/arm-none-eabi/6.3.1/../../../../arm-none-eabi/lib/thumb/v6-m\libc_nano.a(lib_a-impure.o)
                0x00007b90                _global_impure_ptr
 .rodata._printf_float.str1.1
                0x00007b94       0x12 c:/program files (x86)/atmel/studio/7.0/toolchain/arm/arm-gnu-toolchain/bin/../lib/gcc/arm-none-eabi/6.3.1/../../../../arm-none-eabi/lib/thumb/v6-m\libc_nano.a(lib_a-nano-vfprintf_float.o)
 .rodata._printf_i.str1.1
                0x00007ba6       0x22 c:/program files (x86)/atmel/studio/7.0/toolchain/arm/arm-gnu-toolchain/bin/../lib/gcc/arm-none-eabi/6.3.1/../../../../arm-none-eabi/lib/thumb/v6-m\libc_nano.a(lib_a-nano-vfprintf_i.o)
 .rodata._dtoa_r.str1.1
                0x00007bc8        0xd c:/program files (x86)/atmel/studio/7.0/toolchain/arm/arm-gnu-toolchain/bin/../lib/gcc/arm-none-eabi/6.3.1/../../../../arm-none-eabi/lib/thumb/v6-m\libc_nano.a(lib_a-dtoa.o)
                                  0xf (size before relaxing)
 *fill*         0x00007bd5        0x3 
 .rodata.__sf_fake_stderr
                0x00007bd8       0x20 c:/program files (x86)/atmel/studio/7.0/toolchain/arm/arm-gnu-toolchain/bin/../lib/gcc/arm-none-eabi/6.3.1/../../../../arm-none-eabi/lib/thumb/v6-m\libc_nano.a(lib_a-findfp.o)
                0x00007bd8                __sf_fake_stderr
 .rodata.__sf_fake_stdin
                0x00007bf8       0x20 c:/program files (x86)/atmel/studio/7.0/toolchain/arm/arm-gnu-toolchain/bin/../lib/gcc/arm-none-eabi/6.3.1/../../../../arm-none-eabi/lib/thumb/v6-m\libc_nano.a(lib_a-findfp.o)
                0x00007bf8                __sf_fake_stdin
 .rodata.__sf_fake_stdout
                0x00007c18       0x20 c:/program files (x86)/atmel/studio/7.0/toolchain/arm/arm-gnu-toolchain/bin/../lib/gcc/arm-none-eabi/6.3.1/../../../../arm-none-eabi/lib/thumb/v6-m\libc_nano.a(lib_a-findfp.o)
                0x00007c18                __sf_fake_stdout
 .rodata.__mprec_bigtens
                0x00007c38       0x28 c:/program files (x86)/atmel/studio/7.0/toolchain/arm/arm-gnu-toolchain/bin/../lib/gcc/arm-none-eabi/6.3.1/../../../../arm-none-eabi/lib/thumb/v6-m\libc_nano.a(lib_a-mprec.o)
                0x00007c38                __mprec_bigtens
 .rodata.__mprec_tens
                0x00007c60       0xc8 c:/program files (x86)/atmel/studio/7.0/toolchain/arm/arm-gnu-toolchain/bin/../lib/gcc/arm-none-eabi/6.3.1/../../../../arm-none-eabi/lib/thumb/v6-m\libc_nano.a(lib_a-mprec.o)
                0x00007c60                __mprec_tens
 .rodata.p05.6047
                0x00007d28        0xc c:/program files (x86)/atmel/studio/7.0/toolchain/arm/arm-gnu-toolchain/bin/../lib/gcc/arm-none-eabi/6.3.1/../../../../arm-none-eabi/lib/thumb/v6-m\libc_nano.a(lib_a-mprec.o)
 .rodata._vfprintf_r.str1.1
                0x00007d34       0x11 c:/program files (x86)/atmel/studio/7.0/toolchain/arm/arm-gnu-toolchain/bin/../lib/gcc/arm-none-eabi/6.3.1/../../../../arm-none-eabi/lib/thumb/v6-m\libc_nano.a(lib_a-nano-vfprintf.o)
 .rodata._setlocale_r.str1.1
                0x00007d45        0x8 c:/program files (x86)/atmel/studio/7.0/toolchain/arm/arm-gnu-toolchain/bin/../lib/gcc/arm-none-eabi/6.3.1/../../../../arm-none-eabi/lib/thumb/v6-m\libc_nano.a(lib_a-locale.o)
                                  0x9 (size before relaxing)
 .rodata.str1.1
                0x00007d4d        0x2 c:/program files (x86)/atmel/studio/7.0/toolchain/arm/arm-gnu-toolchain/bin/../lib/gcc/arm-none-eabi/6.3.1/../../../../arm-none-eabi/lib/thumb/v6-m\libc_nano.a(lib_a-locale.o)
 .rodata._ctype_
                0x00007d4f      0x101 c:/program files (x86)/atmel/studio/7.0/toolchain/arm/arm-gnu-toolchain/bin/../lib/gcc/arm-none-eabi/6.3.1/../../../../arm-none-eabi/lib/thumb/v6-m\libc_nano.a(lib_a-ctype_.o)
                0x00007d4f                _ctype_
 *(.ARM.extab* .gnu.linkonce.armextab.*)
                0x00007e50                . = ALIGN (0x4)
 *(.init)
 .init          0x00007e50        0x4 c:/program files (x86)/atmel/studio/7.0/toolchain/arm/arm-gnu-toolchain/bin/../lib/gcc/arm-none-eabi/6.3.1/thumb/v6-m/crti.o
                0x00007e50                _init
 .init          0x00007e54        0x8 c:/program files (x86)/atmel/studio/7.0/toolchain/arm/arm-gnu-toolchain/bin/../lib/gcc/arm-none-eabi/6.3.1/thumb/v6-m/crtn.o
                0x00007e5c                . = ALIGN (0x4)
                0x00007e5c                __preinit_array_start = .
 *(.preinit_array)
                0x00007e5c                __preinit_array_end = .
                0x00007e5c                . = ALIGN (0x4)
                0x00007e5c                __init_array_start = .
 *(SORT(.init_array.*))
 *(.init_array)
 .init_array    0x00007e5c        0x4 c:/program files (x86)/atmel/studio/7.0/toolchain/arm/arm-gnu-toolchain/bin/../lib/gcc/arm-none-eabi/6.3.1/thumb/v6-m/crtbegin.o
                0x00007e60                __init_array_end = .
                0x00007e60                . = ALIGN (0x4)
 *crtbegin.o(.ctors)
 *(EXCLUDE_FILE(*crtend.o) .ctors)
 *(SORT(.ctors.*))
 *crtend.o(.ctors)
                0x00007e60                . = ALIGN (0x4)
 *(.fini)
 .fini          0x00007e60        0x4 c:/program files (x86)/atmel/studio/7.0/toolchain/arm/arm-gnu-toolchain/bin/../lib/gcc/arm-none-eabi/6.3.1/thumb/v6-m/crti.o
                0x00007e60                _fini
 .fini          0x00007e64        0x8 c:/program files (x86)/atmel/studio/7.0/toolchain/arm/arm-gnu-toolchain/bin/../lib/gcc/arm-none-eabi/6.3.1/thumb/v6-m/crtn.o
                0x00007e6c                . = ALIGN (0x4)
                0x00007e6c                __fini_array_start = .
 *(.fini_array)
 .fini_array    0x00007e6c        0x4 c:/program files (x86)/atmel/studio/7.0/toolchain/arm/arm-gnu-toolchain/bin/../lib/gcc/arm-none-eabi/6.3.1/thumb/v6-m/crtbegin.o
 *(SORT(.fini_array.*))
                0x00007e70                __fini_array_end = .
 *crtbegin.o(.dtors)
 *(EXCLUDE_FILE(*crtend.o) .dtors)
 *(SORT(.dtors.*))
 *crtend.o(.dtors)
                0x00007e70                . = ALIGN (0x4)
                0x00007e70                _efixed = .
                [!provide]                PROVIDE (__exidx_start, .)

.vfp11_veneer   0x00007e70        0x0
 .vfp11_veneer  0x00007e70        0x0 linker stubs

.v4_bx          0x00007e70        0x0
 .v4_bx         0x00007e70        0x0 linker stubs

.iplt           0x00007e70        0x0
 .iplt          0x00007e70        0x0 c:/program files (x86)/atmel/studio/7.0/toolchain/arm/arm-gnu-toolchain/bin/../lib/gcc/arm-none-eabi/6.3.1/thumb/v6-m/crtbegin.o

.eh_frame       0x00007e70        0x0
 .eh_frame      0x00007e70        0x0 c:/program files (x86)/atmel/studio/7.0/toolchain/arm/arm-gnu-toolchain/bin/../lib/gcc/arm-none-eabi/6.3.1/thumb/v6-m/crtbegin.o

.rel.dyn        0x00007e70        0x0
 .rel.iplt      0x00007e70        0x0 c:/program files (x86)/atmel/studio/7.0/toolchain/arm/arm-gnu-toolchain/bin/../lib/gcc/arm-none-eabi/6.3.1/thumb/v6-m/crtbegin.o

.jcr            0x00007e70        0x0
 .jcr           0x00007e70        0x0 c:/program files (x86)/atmel/studio/7.0/toolchain/arm/arm-gnu-toolchain/bin/../lib/gcc/arm-none-eabi/6.3.1/thumb/v6-m/crtbegin.o

.igot.plt       0x00007e70        0x0
 .igot.plt      0x00007e70        0x0 c:/program files (x86)/atmel/studio/7.0/toolchain/arm/arm-gnu-toolchain/bin/../lib/gcc/arm-none-eabi/6.3.1/thumb/v6-m/crtbegin.o

.ARM.exidx
 *(.ARM.exidx* .gnu.linkonce.armexidx.*)
                [!provide]                PROVIDE (__exidx_end, .)
                0x00007e70                . = ALIGN (0x4)
                0x00007e70                _etext = .

.relocate       0x20000000      0x1d4 load address 0x00007e70
                0x20000000                . = ALIGN (0x4)
                0x20000000                _srelocate = .
 *(.ramfunc .ramfunc.*)
 *(.data .data.*)
 .data.__fdlib_version
                0x20000000        0x1 c:/program files (x86)/atmel/studio/7.0/toolchain/arm/arm-gnu-toolchain/bin/../lib/gcc/arm-none-eabi/6.3.1/../../../../arm-none-eabi/lib/thumb/v6-m\libm.a(lib_a-s_lib_ver.o)
                0x20000000                __fdlib_version
 *fill*         0x20000001        0x3 
 .data._impure_ptr
                0x20000004        0x4 c:/program files (x86)/atmel/studio/7.0/toolchain/arm/arm-gnu-toolchain/bin/../lib/gcc/arm-none-eabi/6.3.1/../../../../arm-none-eabi/lib/thumb/v6-m\libc_nano.a(lib_a-impure.o)
                0x20000004                _impure_ptr
 .data.impure_data
                0x20000008       0x60 c:/program files (x86)/atmel/studio/7.0/toolchain/arm/arm-gnu-toolchain/bin/../lib/gcc/arm-none-eabi/6.3.1/../../../../arm-none-eabi/lib/thumb/v6-m\libc_nano.a(lib_a-impure.o)
 .data.__global_locale
                0x20000068      0x16c c:/program files (x86)/atmel/studio/7.0/toolchain/arm/arm-gnu-toolchain/bin/../lib/gcc/arm-none-eabi/6.3.1/../../../../arm-none-eabi/lib/thumb/v6-m\libc_nano.a(lib_a-locale.o)
                0x20000068                __global_locale
                0x200001d4                . = ALIGN (0x4)
                0x200001d4                _erelocate = .

.bss            0x200001d4       0x40 load address 0x00008044
                0x200001d4                . = ALIGN (0x4)
                0x200001d4                _sbss = .
                0x200001d4                _szero = .
 *(.bss .bss.*)
 .bss           0x200001d4       0x1c c:/program files (x86)/atmel/studio/7.0/toolchain/arm/arm-gnu-toolchain/bin/../lib/gcc/arm-none-eabi/6.3.1/thumb/v6-m/crtbegin.o
 .bss           0x200001f0        0x4 hal/utils/src/utils_syscalls.o
 .bss           0x200001f4        0x4 stdio_redirect/stdio_io.o
 .bss.__malloc_free_list
                0x200001f8        0x4 c:/program files (x86)/atmel/studio/7.0/toolchain/arm/arm-gnu-toolchain/bin/../lib/gcc/arm-none-eabi/6.3.1/../../../../arm-none-eabi/lib/thumb/v6-m\libc_nano.a(lib_a-nano-mallocr.o)
                0x200001f8                __malloc_free_list
 .bss.__malloc_sbrk_start
                0x200001fc        0x4 c:/program files (x86)/atmel/studio/7.0/toolchain/arm/arm-gnu-toolchain/bin/../lib/gcc/arm-none-eabi/6.3.1/../../../../arm-none-eabi/lib/thumb/v6-m\libc_nano.a(lib_a-nano-mallocr.o)
                0x200001fc                __malloc_sbrk_start
 *(COMMON)
 COMMON         0x20000200       0x10 driver_init.o
                0x20000200                TARGET_IO
                0x2000020c                ADC_0
 COMMON         0x20000210        0x4 c:/program files (x86)/atmel/studio/7.0/toolchain/arm/arm-gnu-toolchain/bin/../lib/gcc/arm-none-eabi/6.3.1/../../../../arm-none-eabi/lib/thumb/v6-m\libc_nano.a(lib_a-reent.o)
                0x20000210                errno
                0x20000214                . = ALIGN (0x4)
                0x20000214                _ebss = .
                0x20000214                _ezero = .

.stack          0x20000214     0x2004 load address 0x00008084
                0x20000218                . = ALIGN (0x8)
 *fill*         0x20000214        0x4 
                0x20000218                _sstack = .
                0x20002218                . = (. + STACK_SIZE)
 *fill*         0x20000218     0x2000 
                0x20002218                . = ALIGN (0x8)
                0x20002218                _estack = .
                0x20002218                . = ALIGN (0x4)
                0x20002218                _end = .
OUTPUT(adc.elf elf32-littlearm)

.ARM.attributes
                0x00000000       0x28
 .ARM.attributes
                0x00000000       0x1e c:/program files (x86)/atmel/studio/7.0/toolchain/arm/arm-gnu-toolchain/bin/../lib/gcc/arm-none-eabi/6.3.1/thumb/v6-m/crti.o
 .ARM.attributes
                0x0000001e       0x2c c:/program files (x86)/atmel/studio/7.0/toolchain/arm/arm-gnu-toolchain/bin/../lib/gcc/arm-none-eabi/6.3.1/thumb/v6-m/crtbegin.o
 .ARM.attributes
                0x0000004a       0x32 atmel_start.o
 .ARM.attributes
                0x0000007c       0x32 Device_Startup/startup_samc21.o
 .ARM.attributes
                0x000000ae       0x32 driver_init.o
 .ARM.attributes
                0x000000e0       0x32 hal/src/hal_adc_sync.o
 .ARM.attributes
                0x00000112       0x32 hal/src/hal_io.o
 .ARM.attributes
                0x00000144       0x32 hal/src/hal_usart_sync.o
 .ARM.attributes
                0x00000176       0x32 hal/utils/src/utils_assert.o
 .ARM.attributes
                0x000001a8       0x32 hal/utils/src/utils_syscalls.o
 .ARM.attributes
                0x000001da       0x32 hpl/adc/hpl_adc.o
 .ARM.attributes
                0x0000020c       0x32 hpl/core/hpl_init.o
 .ARM.attributes
                0x0000023e       0x32 hpl/divas/hpl_divas.o
 .ARM.attributes
                0x00000270       0x32 hpl/gclk/hpl_gclk.o
 .ARM.attributes
                0x000002a2       0x32 hpl/mclk/hpl_mclk.o
 .ARM.attributes
                0x000002d4       0x32 hpl/osc32kctrl/hpl_osc32kctrl.o
 .ARM.attributes
                0x00000306       0x32 hpl/oscctrl/hpl_oscctrl.o
 .ARM.attributes
                0x00000338       0x32 hpl/sercom/hpl_sercom.o
 .ARM.attributes
                0x0000036a       0x32 main.o
 .ARM.attributes
                0x0000039c       0x32 stdio_redirect/gcc/read.o
 .ARM.attributes
                0x000003ce       0x32 stdio_redirect/gcc/write.o
 .ARM.attributes
                0x00000400       0x32 stdio_redirect/stdio_io.o
 .ARM.attributes
                0x00000432       0x32 stdio_start.o
 .ARM.attributes
                0x00000464       0x2c c:/program files (x86)/atmel/studio/7.0/toolchain/arm/arm-gnu-toolchain/bin/../lib/gcc/arm-none-eabi/6.3.1/../../../../arm-none-eabi/lib/thumb/v6-m\libm.a(lib_a-w_pow.o)
 .ARM.attributes
                0x00000490       0x2c c:/program files (x86)/atmel/studio/7.0/toolchain/arm/arm-gnu-toolchain/bin/../lib/gcc/arm-none-eabi/6.3.1/../../../../arm-none-eabi/lib/thumb/v6-m\libm.a(lib_a-wf_log.o)
 .ARM.attributes
                0x000004bc       0x2c c:/program files (x86)/atmel/studio/7.0/toolchain/arm/arm-gnu-toolchain/bin/../lib/gcc/arm-none-eabi/6.3.1/../../../../arm-none-eabi/lib/thumb/v6-m\libm.a(lib_a-e_pow.o)
 .ARM.attributes
                0x000004e8       0x2c c:/program files (x86)/atmel/studio/7.0/toolchain/arm/arm-gnu-toolchain/bin/../lib/gcc/arm-none-eabi/6.3.1/../../../../arm-none-eabi/lib/thumb/v6-m\libm.a(lib_a-e_sqrt.o)
 .ARM.attributes
                0x00000514       0x2c c:/program files (x86)/atmel/studio/7.0/toolchain/arm/arm-gnu-toolchain/bin/../lib/gcc/arm-none-eabi/6.3.1/../../../../arm-none-eabi/lib/thumb/v6-m\libm.a(lib_a-ef_log.o)
 .ARM.attributes
                0x00000540       0x2c c:/program files (x86)/atmel/studio/7.0/toolchain/arm/arm-gnu-toolchain/bin/../lib/gcc/arm-none-eabi/6.3.1/../../../../arm-none-eabi/lib/thumb/v6-m\libm.a(lib_a-s_fabs.o)
 .ARM.attributes
                0x0000056c       0x2c c:/program files (x86)/atmel/studio/7.0/toolchain/arm/arm-gnu-toolchain/bin/../lib/gcc/arm-none-eabi/6.3.1/../../../../arm-none-eabi/lib/thumb/v6-m\libm.a(lib_a-s_finite.o)
 .ARM.attributes
                0x00000598       0x2c c:/program files (x86)/atmel/studio/7.0/toolchain/arm/arm-gnu-toolchain/bin/../lib/gcc/arm-none-eabi/6.3.1/../../../../arm-none-eabi/lib/thumb/v6-m\libm.a(lib_a-s_lib_ver.o)
 .ARM.attributes
                0x000005c4       0x2c c:/program files (x86)/atmel/studio/7.0/toolchain/arm/arm-gnu-toolchain/bin/../lib/gcc/arm-none-eabi/6.3.1/../../../../arm-none-eabi/lib/thumb/v6-m\libm.a(lib_a-s_matherr.o)
 .ARM.attributes
                0x000005f0       0x2c c:/program files (x86)/atmel/studio/7.0/toolchain/arm/arm-gnu-toolchain/bin/../lib/gcc/arm-none-eabi/6.3.1/../../../../arm-none-eabi/lib/thumb/v6-m\libm.a(lib_a-s_nan.o)
 .ARM.attributes
                0x0000061c       0x2c c:/program files (x86)/atmel/studio/7.0/toolchain/arm/arm-gnu-toolchain/bin/../lib/gcc/arm-none-eabi/6.3.1/../../../../arm-none-eabi/lib/thumb/v6-m\libm.a(lib_a-s_rint.o)
 .ARM.attributes
                0x00000648       0x2c c:/program files (x86)/atmel/studio/7.0/toolchain/arm/arm-gnu-toolchain/bin/../lib/gcc/arm-none-eabi/6.3.1/../../../../arm-none-eabi/lib/thumb/v6-m\libm.a(lib_a-s_scalbn.o)
 .ARM.attributes
                0x00000674       0x2c c:/program files (x86)/atmel/studio/7.0/toolchain/arm/arm-gnu-toolchain/bin/../lib/gcc/arm-none-eabi/6.3.1/../../../../arm-none-eabi/lib/thumb/v6-m\libm.a(lib_a-s_copysign.o)
 .ARM.attributes
                0x000006a0       0x1e c:/program files (x86)/atmel/studio/7.0/toolchain/arm/arm-gnu-toolchain/bin/../lib/gcc/arm-none-eabi/6.3.1/thumb/v6-m\libgcc.a(_arm_cmpdf2.o)
 .ARM.attributes
                0x000006be       0x1e c:/program files (x86)/atmel/studio/7.0/toolchain/arm/arm-gnu-toolchain/bin/../lib/gcc/arm-none-eabi/6.3.1/thumb/v6-m\libgcc.a(_arm_cmpsf2.o)
 .ARM.attributes
                0x000006dc       0x2c c:/program files (x86)/atmel/studio/7.0/toolchain/arm/arm-gnu-toolchain/bin/../lib/gcc/arm-none-eabi/6.3.1/thumb/v6-m\libgcc.a(addsf3.o)
 .ARM.attributes
                0x00000708       0x2c c:/program files (x86)/atmel/studio/7.0/toolchain/arm/arm-gnu-toolchain/bin/../lib/gcc/arm-none-eabi/6.3.1/thumb/v6-m\libgcc.a(divsf3.o)
 .ARM.attributes
                0x00000734       0x2c c:/program files (x86)/atmel/studio/7.0/toolchain/arm/arm-gnu-toolchain/bin/../lib/gcc/arm-none-eabi/6.3.1/thumb/v6-m\libgcc.a(eqsf2.o)
 .ARM.attributes
                0x00000760       0x2c c:/program files (x86)/atmel/studio/7.0/toolchain/arm/arm-gnu-toolchain/bin/../lib/gcc/arm-none-eabi/6.3.1/thumb/v6-m\libgcc.a(gesf2.o)
 .ARM.attributes
                0x0000078c       0x2c c:/program files (x86)/atmel/studio/7.0/toolchain/arm/arm-gnu-toolchain/bin/../lib/gcc/arm-none-eabi/6.3.1/thumb/v6-m\libgcc.a(lesf2.o)
 .ARM.attributes
                0x000007b8       0x2c c:/program files (x86)/atmel/studio/7.0/toolchain/arm/arm-gnu-toolchain/bin/../lib/gcc/arm-none-eabi/6.3.1/thumb/v6-m\libgcc.a(mulsf3.o)
 .ARM.attributes
                0x000007e4       0x2c c:/program files (x86)/atmel/studio/7.0/toolchain/arm/arm-gnu-toolchain/bin/../lib/gcc/arm-none-eabi/6.3.1/thumb/v6-m\libgcc.a(subsf3.o)
 .ARM.attributes
                0x00000810       0x2c c:/program files (x86)/atmel/studio/7.0/toolchain/arm/arm-gnu-toolchain/bin/../lib/gcc/arm-none-eabi/6.3.1/thumb/v6-m\libgcc.a(unordsf2.o)
 .ARM.attributes
                0x0000083c       0x2c c:/program files (x86)/atmel/studio/7.0/toolchain/arm/arm-gnu-toolchain/bin/../lib/gcc/arm-none-eabi/6.3.1/thumb/v6-m\libgcc.a(floatsisf.o)
 .ARM.attributes
                0x00000868       0x2c c:/program files (x86)/atmel/studio/7.0/toolchain/arm/arm-gnu-toolchain/bin/../lib/gcc/arm-none-eabi/6.3.1/thumb/v6-m\libgcc.a(adddf3.o)
 .ARM.attributes
                0x00000894       0x2c c:/program files (x86)/atmel/studio/7.0/toolchain/arm/arm-gnu-toolchain/bin/../lib/gcc/arm-none-eabi/6.3.1/thumb/v6-m\libgcc.a(divdf3.o)
 .ARM.attributes
                0x000008c0       0x2c c:/program files (x86)/atmel/studio/7.0/toolchain/arm/arm-gnu-toolchain/bin/../lib/gcc/arm-none-eabi/6.3.1/thumb/v6-m\libgcc.a(eqdf2.o)
 .ARM.attributes
                0x000008ec       0x2c c:/program files (x86)/atmel/studio/7.0/toolchain/arm/arm-gnu-toolchain/bin/../lib/gcc/arm-none-eabi/6.3.1/thumb/v6-m\libgcc.a(gedf2.o)
 .ARM.attributes
                0x00000918       0x2c c:/program files (x86)/atmel/studio/7.0/toolchain/arm/arm-gnu-toolchain/bin/../lib/gcc/arm-none-eabi/6.3.1/thumb/v6-m\libgcc.a(ledf2.o)
 .ARM.attributes
                0x00000944       0x2c c:/program files (x86)/atmel/studio/7.0/toolchain/arm/arm-gnu-toolchain/bin/../lib/gcc/arm-none-eabi/6.3.1/thumb/v6-m\libgcc.a(muldf3.o)
 .ARM.attributes
                0x00000970       0x2c c:/program files (x86)/atmel/studio/7.0/toolchain/arm/arm-gnu-toolchain/bin/../lib/gcc/arm-none-eabi/6.3.1/thumb/v6-m\libgcc.a(subdf3.o)
 .ARM.attributes
                0x0000099c       0x2c c:/program files (x86)/atmel/studio/7.0/toolchain/arm/arm-gnu-toolchain/bin/../lib/gcc/arm-none-eabi/6.3.1/thumb/v6-m\libgcc.a(unorddf2.o)
 .ARM.attributes
                0x000009c8       0x2c c:/program files (x86)/atmel/studio/7.0/toolchain/arm/arm-gnu-toolchain/bin/../lib/gcc/arm-none-eabi/6.3.1/thumb/v6-m\libgcc.a(fixdfsi.o)
 .ARM.attributes
                0x000009f4       0x2c c:/program files (x86)/atmel/studio/7.0/toolchain/arm/arm-gnu-toolchain/bin/../lib/gcc/arm-none-eabi/6.3.1/thumb/v6-m\libgcc.a(floatsidf.o)
 .ARM.attributes
                0x00000a20       0x2c c:/program files (x86)/atmel/studio/7.0/toolchain/arm/arm-gnu-toolchain/bin/../lib/gcc/arm-none-eabi/6.3.1/thumb/v6-m\libgcc.a(floatunsidf.o)
 .ARM.attributes
                0x00000a4c       0x2c c:/program files (x86)/atmel/studio/7.0/toolchain/arm/arm-gnu-toolchain/bin/../lib/gcc/arm-none-eabi/6.3.1/thumb/v6-m\libgcc.a(extendsfdf2.o)
 .ARM.attributes
                0x00000a78       0x2c c:/program files (x86)/atmel/studio/7.0/toolchain/arm/arm-gnu-toolchain/bin/../lib/gcc/arm-none-eabi/6.3.1/thumb/v6-m\libgcc.a(truncdfsf2.o)
 .ARM.attributes
                0x00000aa4       0x1e c:/program files (x86)/atmel/studio/7.0/toolchain/arm/arm-gnu-toolchain/bin/../lib/gcc/arm-none-eabi/6.3.1/thumb/v6-m\libgcc.a(_clzsi2.o)
 .ARM.attributes
                0x00000ac2       0x2c c:/program files (x86)/atmel/studio/7.0/toolchain/arm/arm-gnu-toolchain/bin/../lib/gcc/arm-none-eabi/6.3.1/../../../../arm-none-eabi/lib/thumb/v6-m\libc_nano.a(lib_a-errno.o)
 .ARM.attributes
                0x00000aee       0x2c c:/program files (x86)/atmel/studio/7.0/toolchain/arm/arm-gnu-toolchain/bin/../lib/gcc/arm-none-eabi/6.3.1/../../../../arm-none-eabi/lib/thumb/v6-m\libc_nano.a(lib_a-impure.o)
 .ARM.attributes
                0x00000b1a       0x2c c:/program files (x86)/atmel/studio/7.0/toolchain/arm/arm-gnu-toolchain/bin/../lib/gcc/arm-none-eabi/6.3.1/../../../../arm-none-eabi/lib/thumb/v6-m\libc_nano.a(lib_a-init.o)
 .ARM.attributes
                0x00000b46       0x2c c:/program files (x86)/atmel/studio/7.0/toolchain/arm/arm-gnu-toolchain/bin/../lib/gcc/arm-none-eabi/6.3.1/../../../../arm-none-eabi/lib/thumb/v6-m\libc_nano.a(lib_a-memset.o)
 .ARM.attributes
                0x00000b72       0x2c c:/program files (x86)/atmel/studio/7.0/toolchain/arm/arm-gnu-toolchain/bin/../lib/gcc/arm-none-eabi/6.3.1/../../../../arm-none-eabi/lib/thumb/v6-m\libc_nano.a(lib_a-nano-vfprintf_float.o)
 .ARM.attributes
                0x00000b9e       0x2c c:/program files (x86)/atmel/studio/7.0/toolchain/arm/arm-gnu-toolchain/bin/../lib/gcc/arm-none-eabi/6.3.1/../../../../arm-none-eabi/lib/thumb/v6-m\libc_nano.a(lib_a-nano-vfprintf_i.o)
 .ARM.attributes
                0x00000bca       0x2c c:/program files (x86)/atmel/studio/7.0/toolchain/arm/arm-gnu-toolchain/bin/../lib/gcc/arm-none-eabi/6.3.1/../../../../arm-none-eabi/lib/thumb/v6-m\libc_nano.a(lib_a-printf.o)
 .ARM.attributes
                0x00000bf6       0x2c c:/program files (x86)/atmel/studio/7.0/toolchain/arm/arm-gnu-toolchain/bin/../lib/gcc/arm-none-eabi/6.3.1/../../../../arm-none-eabi/lib/thumb/v6-m\libc_nano.a(lib_a-setbuf.o)
 .ARM.attributes
                0x00000c22       0x2c c:/program files (x86)/atmel/studio/7.0/toolchain/arm/arm-gnu-toolchain/bin/../lib/gcc/arm-none-eabi/6.3.1/../../../../arm-none-eabi/lib/thumb/v6-m\libc_nano.a(lib_a-setvbuf.o)
 .ARM.attributes
                0x00000c4e       0x1c c:/program files (x86)/atmel/studio/7.0/toolchain/arm/arm-gnu-toolchain/bin/../lib/gcc/arm-none-eabi/6.3.1/../../../../arm-none-eabi/lib/thumb/v6-m\libc_nano.a(lib_a-strlen.o)
 .ARM.attributes
                0x00000c6a       0x2c c:/program files (x86)/atmel/studio/7.0/toolchain/arm/arm-gnu-toolchain/bin/../lib/gcc/arm-none-eabi/6.3.1/../../../../arm-none-eabi/lib/thumb/v6-m\libc_nano.a(lib_a-wbuf.o)
 .ARM.attributes
                0x00000c96       0x2c c:/program files (x86)/atmel/studio/7.0/toolchain/arm/arm-gnu-toolchain/bin/../lib/gcc/arm-none-eabi/6.3.1/../../../../arm-none-eabi/lib/thumb/v6-m\libc_nano.a(lib_a-wsetup.o)
 .ARM.attributes
                0x00000cc2       0x2c c:/program files (x86)/atmel/studio/7.0/toolchain/arm/arm-gnu-toolchain/bin/../lib/gcc/arm-none-eabi/6.3.1/../../../../arm-none-eabi/lib/thumb/v6-m\libc_nano.a(lib_a-dtoa.o)
 .ARM.attributes
                0x00000cee       0x2c c:/program files (x86)/atmel/studio/7.0/toolchain/arm/arm-gnu-toolchain/bin/../lib/gcc/arm-none-eabi/6.3.1/../../../../arm-none-eabi/lib/thumb/v6-m\libc_nano.a(lib_a-fflush.o)
 .ARM.attributes
                0x00000d1a       0x2c c:/program files (x86)/atmel/studio/7.0/toolchain/arm/arm-gnu-toolchain/bin/../lib/gcc/arm-none-eabi/6.3.1/../../../../arm-none-eabi/lib/thumb/v6-m\libc_nano.a(lib_a-findfp.o)
 .ARM.attributes
                0x00000d46       0x2c c:/program files (x86)/atmel/studio/7.0/toolchain/arm/arm-gnu-toolchain/bin/../lib/gcc/arm-none-eabi/6.3.1/../../../../arm-none-eabi/lib/thumb/v6-m\libc_nano.a(lib_a-fwalk.o)
 .ARM.attributes
                0x00000d72       0x2c c:/program files (x86)/atmel/studio/7.0/toolchain/arm/arm-gnu-toolchain/bin/../lib/gcc/arm-none-eabi/6.3.1/../../../../arm-none-eabi/lib/thumb/v6-m\libc_nano.a(lib_a-localeconv.o)
 .ARM.attributes
                0x00000d9e       0x2c c:/program files (x86)/atmel/studio/7.0/toolchain/arm/arm-gnu-toolchain/bin/../lib/gcc/arm-none-eabi/6.3.1/../../../../arm-none-eabi/lib/thumb/v6-m\libc_nano.a(lib_a-makebuf.o)
 .ARM.attributes
                0x00000dca       0x2c c:/program files (x86)/atmel/studio/7.0/toolchain/arm/arm-gnu-toolchain/bin/../lib/gcc/arm-none-eabi/6.3.1/../../../../arm-none-eabi/lib/thumb/v6-m\libc_nano.a(lib_a-malloc.o)
 .ARM.attributes
                0x00000df6       0x2c c:/program files (x86)/atmel/studio/7.0/toolchain/arm/arm-gnu-toolchain/bin/../lib/gcc/arm-none-eabi/6.3.1/../../../../arm-none-eabi/lib/thumb/v6-m\libc_nano.a(lib_a-memchr-stub.o)
 .ARM.attributes
                0x00000e22       0x2c c:/program files (x86)/atmel/studio/7.0/toolchain/arm/arm-gnu-toolchain/bin/../lib/gcc/arm-none-eabi/6.3.1/../../../../arm-none-eabi/lib/thumb/v6-m\libc_nano.a(lib_a-memcpy-stub.o)
 .ARM.attributes
                0x00000e4e       0x2c c:/program files (x86)/atmel/studio/7.0/toolchain/arm/arm-gnu-toolchain/bin/../lib/gcc/arm-none-eabi/6.3.1/../../../../arm-none-eabi/lib/thumb/v6-m\libc_nano.a(lib_a-mprec.o)
 .ARM.attributes
                0x00000e7a       0x2c c:/program files (x86)/atmel/studio/7.0/toolchain/arm/arm-gnu-toolchain/bin/../lib/gcc/arm-none-eabi/6.3.1/../../../../arm-none-eabi/lib/thumb/v6-m\libc_nano.a(lib_a-nano-callocr.o)
 .ARM.attributes
                0x00000ea6       0x2c c:/program files (x86)/atmel/studio/7.0/toolchain/arm/arm-gnu-toolchain/bin/../lib/gcc/arm-none-eabi/6.3.1/../../../../arm-none-eabi/lib/thumb/v6-m\libc_nano.a(lib_a-nano-freer.o)
 .ARM.attributes
                0x00000ed2       0x2c c:/program files (x86)/atmel/studio/7.0/toolchain/arm/arm-gnu-toolchain/bin/../lib/gcc/arm-none-eabi/6.3.1/../../../../arm-none-eabi/lib/thumb/v6-m\libc_nano.a(lib_a-nano-mallocr.o)
 .ARM.attributes
                0x00000efe       0x2c c:/program files (x86)/atmel/studio/7.0/toolchain/arm/arm-gnu-toolchain/bin/../lib/gcc/arm-none-eabi/6.3.1/../../../../arm-none-eabi/lib/thumb/v6-m\libc_nano.a(lib_a-nano-vfprintf.o)
 .ARM.attributes
                0x00000f2a       0x2c c:/program files (x86)/atmel/studio/7.0/toolchain/arm/arm-gnu-toolchain/bin/../lib/gcc/arm-none-eabi/6.3.1/../../../../arm-none-eabi/lib/thumb/v6-m\libc_nano.a(lib_a-sbrkr.o)
 .ARM.attributes
                0x00000f56       0x2c c:/program files (x86)/atmel/studio/7.0/toolchain/arm/arm-gnu-toolchain/bin/../lib/gcc/arm-none-eabi/6.3.1/../../../../arm-none-eabi/lib/thumb/v6-m\libc_nano.a(lib_a-stdio.o)
 .ARM.attributes
                0x00000f82       0x2c c:/program files (x86)/atmel/studio/7.0/toolchain/arm/arm-gnu-toolchain/bin/../lib/gcc/arm-none-eabi/6.3.1/../../../../arm-none-eabi/lib/thumb/v6-m\libc_nano.a(lib_a-writer.o)
 .ARM.attributes
                0x00000fae       0x2c c:/program files (x86)/atmel/studio/7.0/toolchain/arm/arm-gnu-toolchain/bin/../lib/gcc/arm-none-eabi/6.3.1/../../../../arm-none-eabi/lib/thumb/v6-m\libc_nano.a(lib_a-closer.o)
 .ARM.attributes
                0x00000fda       0x2c c:/program files (x86)/atmel/studio/7.0/toolchain/arm/arm-gnu-toolchain/bin/../lib/gcc/arm-none-eabi/6.3.1/../../../../arm-none-eabi/lib/thumb/v6-m\libc_nano.a(lib_a-fstatr.o)
 .ARM.attributes
                0x00001006       0x2c c:/program files (x86)/atmel/studio/7.0/toolchain/arm/arm-gnu-toolchain/bin/../lib/gcc/arm-none-eabi/6.3.1/../../../../arm-none-eabi/lib/thumb/v6-m\libc_nano.a(lib_a-isattyr.o)
 .ARM.attributes
                0x00001032       0x2c c:/program files (x86)/atmel/studio/7.0/toolchain/arm/arm-gnu-toolchain/bin/../lib/gcc/arm-none-eabi/6.3.1/../../../../arm-none-eabi/lib/thumb/v6-m\libc_nano.a(lib_a-locale.o)
 .ARM.attributes
                0x0000105e       0x2c c:/program files (x86)/atmel/studio/7.0/toolchain/arm/arm-gnu-toolchain/bin/../lib/gcc/arm-none-eabi/6.3.1/../../../../arm-none-eabi/lib/thumb/v6-m\libc_nano.a(lib_a-lseekr.o)
 .ARM.attributes
                0x0000108a       0x2c c:/program files (x86)/atmel/studio/7.0/toolchain/arm/arm-gnu-toolchain/bin/../lib/gcc/arm-none-eabi/6.3.1/../../../../arm-none-eabi/lib/thumb/v6-m\libc_nano.a(lib_a-mbtowc_r.o)
 .ARM.attributes
                0x000010b6       0x2c c:/program files (x86)/atmel/studio/7.0/toolchain/arm/arm-gnu-toolchain/bin/../lib/gcc/arm-none-eabi/6.3.1/../../../../arm-none-eabi/lib/thumb/v6-m\libc_nano.a(lib_a-mlock.o)
 .ARM.attributes
                0x000010e2       0x2c c:/program files (x86)/atmel/studio/7.0/toolchain/arm/arm-gnu-toolchain/bin/../lib/gcc/arm-none-eabi/6.3.1/../../../../arm-none-eabi/lib/thumb/v6-m\libc_nano.a(lib_a-readr.o)
 .ARM.attributes
                0x0000110e       0x2c c:/program files (x86)/atmel/studio/7.0/toolchain/arm/arm-gnu-toolchain/bin/../lib/gcc/arm-none-eabi/6.3.1/../../../../arm-none-eabi/lib/thumb/v6-m\libc_nano.a(lib_a-reent.o)
 .ARM.attributes
                0x0000113a       0x2c c:/program files (x86)/atmel/studio/7.0/toolchain/arm/arm-gnu-toolchain/bin/../lib/gcc/arm-none-eabi/6.3.1/../../../../arm-none-eabi/lib/thumb/v6-m\libc_nano.a(lib_a-wctomb_r.o)
 .ARM.attributes
                0x00001166       0x2c c:/program files (x86)/atmel/studio/7.0/toolchain/arm/arm-gnu-toolchain/bin/../lib/gcc/arm-none-eabi/6.3.1/../../../../arm-none-eabi/lib/thumb/v6-m\libc_nano.a(lib_a-ctype_.o)
 .ARM.attributes
                0x00001192       0x1e c:/program files (x86)/atmel/studio/7.0/toolchain/arm/arm-gnu-toolchain/bin/../lib/gcc/arm-none-eabi/6.3.1/thumb/v6-m\libgcc.a(_thumb1_case_uqi.o)
 .ARM.attributes
                0x000011b0       0x1e c:/program files (x86)/atmel/studio/7.0/toolchain/arm/arm-gnu-toolchain/bin/../lib/gcc/arm-none-eabi/6.3.1/thumb/v6-m/crtn.o

.comment        0x00000000       0x59
 .comment       0x00000000       0x59 atmel_start.o
                                 0x5a (size before relaxing)
 .comment       0x00000059       0x5a Device_Startup/startup_samc21.o
 .comment       0x00000059       0x5a driver_init.o
 .comment       0x00000059       0x5a hal/src/hal_adc_sync.o
 .comment       0x00000059       0x5a hal/src/hal_io.o
 .comment       0x00000059       0x5a hal/src/hal_usart_sync.o
 .comment       0x00000059       0x5a hal/utils/src/utils_assert.o
 .comment       0x00000059       0x5a hal/utils/src/utils_syscalls.o
 .comment       0x00000059       0x5a hpl/adc/hpl_adc.o
 .comment       0x00000059       0x5a hpl/core/hpl_init.o
 .comment       0x00000059       0x5a hpl/divas/hpl_divas.o
 .comment       0x00000059       0x5a hpl/gclk/hpl_gclk.o
 .comment       0x00000059       0x5a hpl/mclk/hpl_mclk.o
 .comment       0x00000059       0x5a hpl/osc32kctrl/hpl_osc32kctrl.o
 .comment       0x00000059       0x5a hpl/oscctrl/hpl_oscctrl.o
 .comment       0x00000059       0x5a hpl/sercom/hpl_sercom.o
 .comment       0x00000059       0x5a main.o
 .comment       0x00000059       0x5a stdio_redirect/gcc/read.o
 .comment       0x00000059       0x5a stdio_redirect/gcc/write.o
 .comment       0x00000059       0x5a stdio_redirect/stdio_io.o
 .comment       0x00000059       0x5a stdio_start.o

.debug_info     0x00000000    0x1dcff
 .debug_info    0x00000000      0xb6b atmel_start.o
 .debug_info    0x00000b6b      0x527 Device_Startup/startup_samc21.o
 .debug_info    0x00001092     0x43eb driver_init.o
 .debug_info    0x0000547d      0xb29 hal/src/hal_adc_sync.o
 .debug_info    0x00005fa6      0x2b2 hal/src/hal_io.o
 .debug_info    0x00006258      0xc56 hal/src/hal_usart_sync.o
 .debug_info    0x00006eae      0x107 hal/utils/src/utils_assert.o
 .debug_info    0x00006fb5      0xdca hal/utils/src/utils_syscalls.o
 .debug_info    0x00007d7f     0x3caa hpl/adc/hpl_adc.o
 .debug_info    0x0000ba29      0x75c hpl/core/hpl_init.o
 .debug_info    0x0000c185      0x854 hpl/divas/hpl_divas.o
 .debug_info    0x0000c9d9      0x626 hpl/gclk/hpl_gclk.o
 .debug_info    0x0000cfff      0x7c2 hpl/mclk/hpl_mclk.o
 .debug_info    0x0000d7c1      0x772 hpl/osc32kctrl/hpl_osc32kctrl.o
 .debug_info    0x0000df33      0xdd6 hpl/oscctrl/hpl_oscctrl.o
 .debug_info    0x0000ed09     0xb304 hpl/sercom/hpl_sercom.o
 .debug_info    0x0001a00d     0x10ec main.o
 .debug_info    0x0001b0f9      0xa34 stdio_redirect/gcc/read.o
 .debug_info    0x0001bb2d      0xa34 stdio_redirect/gcc/write.o
 .debug_info    0x0001c561      0xbe2 stdio_redirect/stdio_io.o
 .debug_info    0x0001d143      0xbbc stdio_start.o

.debug_abbrev   0x00000000     0x2df3
 .debug_abbrev  0x00000000      0x1ad atmel_start.o
 .debug_abbrev  0x000001ad      0x142 Device_Startup/startup_samc21.o
 .debug_abbrev  0x000002ef      0x349 driver_init.o
 .debug_abbrev  0x00000638      0x168 hal/src/hal_adc_sync.o
 .debug_abbrev  0x000007a0      0x115 hal/src/hal_io.o
 .debug_abbrev  0x000008b5      0x217 hal/src/hal_usart_sync.o
 .debug_abbrev  0x00000acc       0x86 hal/utils/src/utils_assert.o
 .debug_abbrev  0x00000b52      0x269 hal/utils/src/utils_syscalls.o
 .debug_abbrev  0x00000dbb      0x4b5 hpl/adc/hpl_adc.o
 .debug_abbrev  0x00001270      0x1ce hpl/core/hpl_init.o
 .debug_abbrev  0x0000143e      0x232 hpl/divas/hpl_divas.o
 .debug_abbrev  0x00001670      0x1ab hpl/gclk/hpl_gclk.o
 .debug_abbrev  0x0000181b      0x1ac hpl/mclk/hpl_mclk.o
 .debug_abbrev  0x000019c7      0x1d1 hpl/osc32kctrl/hpl_osc32kctrl.o
 .debug_abbrev  0x00001b98      0x1f8 hpl/oscctrl/hpl_oscctrl.o
 .debug_abbrev  0x00001d90      0x593 hpl/sercom/hpl_sercom.o
 .debug_abbrev  0x00002323      0x2fc main.o
 .debug_abbrev  0x0000261f      0x1e8 stdio_redirect/gcc/read.o
 .debug_abbrev  0x00002807      0x1e8 stdio_redirect/gcc/write.o
 .debug_abbrev  0x000029ef      0x229 stdio_redirect/stdio_io.o
 .debug_abbrev  0x00002c18      0x1db stdio_start.o

.debug_loc      0x00000000     0xc15a
 .debug_loc     0x00000000       0x20 atmel_start.o
 .debug_loc     0x00000020       0x78 Device_Startup/startup_samc21.o
 .debug_loc     0x00000098      0x45a driver_init.o
 .debug_loc     0x000004f2      0x90c hal/src/hal_adc_sync.o
 .debug_loc     0x00000dfe      0x1b6 hal/src/hal_io.o
 .debug_loc     0x00000fb4      0xa26 hal/src/hal_usart_sync.o
 .debug_loc     0x000019da      0x13b hal/utils/src/utils_syscalls.o
 .debug_loc     0x00001b15     0x1d09 hpl/adc/hpl_adc.o
 .debug_loc     0x0000381e       0x4c hpl/core/hpl_init.o
 .debug_loc     0x0000386a      0x2a5 hpl/divas/hpl_divas.o
 .debug_loc     0x00003b0f      0x156 hpl/gclk/hpl_gclk.o
 .debug_loc     0x00003c65       0x2c hpl/mclk/hpl_mclk.o
 .debug_loc     0x00003c91       0xa5 hpl/osc32kctrl/hpl_osc32kctrl.o
 .debug_loc     0x00003d36       0x74 hpl/oscctrl/hpl_oscctrl.o
 .debug_loc     0x00003daa     0x7d95 hpl/sercom/hpl_sercom.o
 .debug_loc     0x0000bb3f      0x298 main.o
 .debug_loc     0x0000bdd7       0xfe stdio_redirect/gcc/read.o
 .debug_loc     0x0000bed5       0xf2 stdio_redirect/gcc/write.o
 .debug_loc     0x0000bfc7      0x153 stdio_redirect/stdio_io.o
 .debug_loc     0x0000c11a       0x40 stdio_start.o

.debug_aranges  0x00000000      0xb48
 .debug_aranges
                0x00000000       0x20 atmel_start.o
 .debug_aranges
                0x00000020       0x28 Device_Startup/startup_samc21.o
 .debug_aranges
                0x00000048       0x50 driver_init.o
 .debug_aranges
                0x00000098       0x98 hal/src/hal_adc_sync.o
 .debug_aranges
                0x00000130       0x30 hal/src/hal_io.o
 .debug_aranges
                0x00000160       0xa8 hal/src/hal_usart_sync.o
 .debug_aranges
                0x00000208       0x20 hal/utils/src/utils_assert.o
 .debug_aranges
                0x00000228       0x60 hal/utils/src/utils_syscalls.o
 .debug_aranges
                0x00000288      0x1f0 hpl/adc/hpl_adc.o
 .debug_aranges
                0x00000478       0x20 hpl/core/hpl_init.o
 .debug_aranges
                0x00000498       0x40 hpl/divas/hpl_divas.o
 .debug_aranges
                0x000004d8       0x28 hpl/gclk/hpl_gclk.o
 .debug_aranges
                0x00000500       0x20 hpl/mclk/hpl_mclk.o
 .debug_aranges
                0x00000520       0x20 hpl/osc32kctrl/hpl_osc32kctrl.o
 .debug_aranges
                0x00000540       0x28 hpl/oscctrl/hpl_oscctrl.o
 .debug_aranges
                0x00000568      0x508 hpl/sercom/hpl_sercom.o
 .debug_aranges
                0x00000a70       0x38 main.o
 .debug_aranges
                0x00000aa8       0x20 stdio_redirect/gcc/read.o
 .debug_aranges
                0x00000ac8       0x20 stdio_redirect/gcc/write.o
 .debug_aranges
                0x00000ae8       0x38 stdio_redirect/stdio_io.o
 .debug_aranges
                0x00000b20       0x28 stdio_start.o

.debug_ranges   0x00000000      0xbf8
 .debug_ranges  0x00000000       0x10 atmel_start.o
 .debug_ranges  0x00000010       0x18 Device_Startup/startup_samc21.o
 .debug_ranges  0x00000028       0x40 driver_init.o
 .debug_ranges  0x00000068       0xa0 hal/src/hal_adc_sync.o
 .debug_ranges  0x00000108       0x20 hal/src/hal_io.o
 .debug_ranges  0x00000128       0x98 hal/src/hal_usart_sync.o
 .debug_ranges  0x000001c0       0x10 hal/utils/src/utils_assert.o
 .debug_ranges  0x000001d0       0x50 hal/utils/src/utils_syscalls.o
 .debug_ranges  0x00000220      0x1f8 hpl/adc/hpl_adc.o
 .debug_ranges  0x00000418       0x10 hpl/core/hpl_init.o
 .debug_ranges  0x00000428       0x30 hpl/divas/hpl_divas.o
 .debug_ranges  0x00000458       0x18 hpl/gclk/hpl_gclk.o
 .debug_ranges  0x00000470       0x10 hpl/mclk/hpl_mclk.o
 .debug_ranges  0x00000480       0x10 hpl/osc32kctrl/hpl_osc32kctrl.o
 .debug_ranges  0x00000490       0x18 hpl/oscctrl/hpl_oscctrl.o
 .debug_ranges  0x000004a8      0x6c8 hpl/sercom/hpl_sercom.o
 .debug_ranges  0x00000b70       0x28 main.o
 .debug_ranges  0x00000b98       0x10 stdio_redirect/gcc/read.o
 .debug_ranges  0x00000ba8       0x10 stdio_redirect/gcc/write.o
 .debug_ranges  0x00000bb8       0x28 stdio_redirect/stdio_io.o
 .debug_ranges  0x00000be0       0x18 stdio_start.o

.debug_macro    0x00000000    0x1ef29
 .debug_macro   0x00000000      0x787 atmel_start.o
 .debug_macro   0x00000787      0x89e atmel_start.o
 .debug_macro   0x00001025      0x16d atmel_start.o
 .debug_macro   0x00001192       0x22 atmel_start.o
 .debug_macro   0x000011b4       0x87 atmel_start.o
 .debug_macro   0x0000123b       0x51 atmel_start.o
 .debug_macro   0x0000128c       0xef atmel_start.o
 .debug_macro   0x0000137b       0x6a atmel_start.o
 .debug_macro   0x000013e5      0x1df atmel_start.o
 .debug_macro   0x000015c4       0x22 atmel_start.o
 .debug_macro   0x000015e6       0x3f atmel_start.o
 .debug_macro   0x00001625       0x1c atmel_start.o
 .debug_macro   0x00001641       0x22 atmel_start.o
 .debug_macro   0x00001663       0xb5 atmel_start.o
 .debug_macro   0x00001718      0x4da atmel_start.o
 .debug_macro   0x00001bf2      0x11f atmel_start.o
 .debug_macro   0x00001d11      0x897 atmel_start.o
 .debug_macro   0x000025a8      0x8c0 atmel_start.o
 .debug_macro   0x00002e68     0x2d61 atmel_start.o
 .debug_macro   0x00005bc9      0x21e atmel_start.o
 .debug_macro   0x00005de7      0x282 atmel_start.o
 .debug_macro   0x00006069      0x130 atmel_start.o
 .debug_macro   0x00006199      0xd32 atmel_start.o
 .debug_macro   0x00006ecb      0x61f atmel_start.o
 .debug_macro   0x000074ea      0x5be atmel_start.o
 .debug_macro   0x00007aa8      0x824 atmel_start.o
 .debug_macro   0x000082cc      0x172 atmel_start.o
 .debug_macro   0x0000843e      0x306 atmel_start.o
 .debug_macro   0x00008744      0x55f atmel_start.o
 .debug_macro   0x00008ca3      0x421 atmel_start.o
 .debug_macro   0x000090c4      0x21c atmel_start.o
 .debug_macro   0x000092e0      0x719 atmel_start.o
 .debug_macro   0x000099f9      0x5ab atmel_start.o
 .debug_macro   0x00009fa4      0x335 atmel_start.o
 .debug_macro   0x0000a2d9      0x68d atmel_start.o
 .debug_macro   0x0000a966       0xc4 atmel_start.o
 .debug_macro   0x0000aa2a      0x340 atmel_start.o
 .debug_macro   0x0000ad6a       0x6a atmel_start.o
 .debug_macro   0x0000add4     0x124b atmel_start.o
 .debug_macro   0x0000c01f      0x5a5 atmel_start.o
 .debug_macro   0x0000c5c4      0xfc4 atmel_start.o
 .debug_macro   0x0000d588      0x59e atmel_start.o
 .debug_macro   0x0000db26      0x8ae atmel_start.o
 .debug_macro   0x0000e3d4     0x19be atmel_start.o
 .debug_macro   0x0000fd92      0x39c atmel_start.o
 .debug_macro   0x0001012e      0x36a atmel_start.o
 .debug_macro   0x00010498       0x94 atmel_start.o
 .debug_macro   0x0001052c       0xac atmel_start.o
 .debug_macro   0x000105d8       0xac atmel_start.o
 .debug_macro   0x00010684      0x149 atmel_start.o
 .debug_macro   0x000107cd       0x4c atmel_start.o
 .debug_macro   0x00010819       0x58 atmel_start.o
 .debug_macro   0x00010871       0x3a atmel_start.o
 .debug_macro   0x000108ab       0xd6 atmel_start.o
 .debug_macro   0x00010981       0xb8 atmel_start.o
 .debug_macro   0x00010a39       0x64 atmel_start.o
 .debug_macro   0x00010a9d      0x5d7 atmel_start.o
 .debug_macro   0x00011074       0x4c atmel_start.o
 .debug_macro   0x000110c0      0x1be atmel_start.o
 .debug_macro   0x0001127e      0x184 atmel_start.o
 .debug_macro   0x00011402       0x52 atmel_start.o
 .debug_macro   0x00011454       0xa0 atmel_start.o
 .debug_macro   0x000114f4       0xd6 atmel_start.o
 .debug_macro   0x000115ca       0x94 atmel_start.o
 .debug_macro   0x0001165e       0x4c atmel_start.o
 .debug_macro   0x000116aa       0x64 atmel_start.o
 .debug_macro   0x0001170e       0x22 atmel_start.o
 .debug_macro   0x00011730      0x16c atmel_start.o
 .debug_macro   0x0001189c       0x2e atmel_start.o
 .debug_macro   0x000118ca       0x16 atmel_start.o
 .debug_macro   0x000118e0       0xd6 atmel_start.o
 .debug_macro   0x000119b6       0xa0 atmel_start.o
 .debug_macro   0x00011a56      0x133 atmel_start.o
 .debug_macro   0x00011b89      0x133 atmel_start.o
 .debug_macro   0x00011cbc      0x133 atmel_start.o
 .debug_macro   0x00011def      0x133 atmel_start.o
 .debug_macro   0x00011f22       0x4c atmel_start.o
 .debug_macro   0x00011f6e       0xfa atmel_start.o
 .debug_macro   0x00012068       0xfa atmel_start.o
 .debug_macro   0x00012162       0xfa atmel_start.o
 .debug_macro   0x0001225c       0xfa atmel_start.o
 .debug_macro   0x00012356       0xfa atmel_start.o
 .debug_macro   0x00012450      0x124 atmel_start.o
 .debug_macro   0x00012574       0xfa atmel_start.o
 .debug_macro   0x0001266e       0xee atmel_start.o
 .debug_macro   0x0001275c       0x76 atmel_start.o
 .debug_macro   0x000127d2       0x3a atmel_start.o
 .debug_macro   0x0001280c      0x441 atmel_start.o
 .debug_macro   0x00012c4d     0x140b atmel_start.o
 .debug_macro   0x00014058       0x82 atmel_start.o
 .debug_macro   0x000140da       0x10 atmel_start.o
 .debug_macro   0x000140ea       0x10 atmel_start.o
 .debug_macro   0x000140fa       0x16 atmel_start.o
 .debug_macro   0x00014110       0x16 atmel_start.o
 .debug_macro   0x00014126       0x16 atmel_start.o
 .debug_macro   0x0001413c       0x16 atmel_start.o
 .debug_macro   0x00014152       0x16 atmel_start.o
 .debug_macro   0x00014168       0x16 atmel_start.o
 .debug_macro   0x0001417e       0x16 atmel_start.o
 .debug_macro   0x00014194       0x16 atmel_start.o
 .debug_macro   0x000141aa       0x16 atmel_start.o
 .debug_macro   0x000141c0       0x16 atmel_start.o
 .debug_macro   0x000141d6       0x16 atmel_start.o
 .debug_macro   0x000141ec       0x16 atmel_start.o
 .debug_macro   0x00014202       0x16 atmel_start.o
 .debug_macro   0x00014218       0x16 atmel_start.o
 .debug_macro   0x0001422e       0x16 atmel_start.o
 .debug_macro   0x00014244       0x16 atmel_start.o
 .debug_macro   0x0001425a       0x16 atmel_start.o
 .debug_macro   0x00014270       0x16 atmel_start.o
 .debug_macro   0x00014286       0x16 atmel_start.o
 .debug_macro   0x0001429c       0x16 atmel_start.o
 .debug_macro   0x000142b2       0x16 atmel_start.o
 .debug_macro   0x000142c8      0x262 atmel_start.o
 .debug_macro   0x0001452a       0x16 atmel_start.o
 .debug_macro   0x00014540       0x94 atmel_start.o
 .debug_macro   0x000145d4       0x16 atmel_start.o
 .debug_macro   0x000145ea       0xbe atmel_start.o
 .debug_macro   0x000146a8      0x28c atmel_start.o
 .debug_macro   0x00014934       0x16 atmel_start.o
 .debug_macro   0x0001494a       0x16 atmel_start.o
 .debug_macro   0x00014960       0xca atmel_start.o
 .debug_macro   0x00014a2a       0x1c atmel_start.o
 .debug_macro   0x00014a46       0x16 atmel_start.o
 .debug_macro   0x00014a5c       0x74 atmel_start.o
 .debug_macro   0x00014ad0       0x4c atmel_start.o
 .debug_macro   0x00014b1c       0x58 atmel_start.o
 .debug_macro   0x00014b74       0x35 atmel_start.o
 .debug_macro   0x00014ba9       0x9c atmel_start.o
 .debug_macro   0x00014c45       0x16 atmel_start.o
 .debug_macro   0x00014c5b       0x35 atmel_start.o
 .debug_macro   0x00014c90      0x34d atmel_start.o
 .debug_macro   0x00014fdd       0x10 atmel_start.o
 .debug_macro   0x00014fed       0x58 atmel_start.o
 .debug_macro   0x00015045       0x1f atmel_start.o
 .debug_macro   0x00015064       0x43 atmel_start.o
 .debug_macro   0x000150a7       0x20 atmel_start.o
 .debug_macro   0x000150c7      0x187 atmel_start.o
 .debug_macro   0x0001524e       0x10 atmel_start.o
 .debug_macro   0x0001525e       0x1c atmel_start.o
 .debug_macro   0x0001527a       0x52 atmel_start.o
 .debug_macro   0x000152cc       0x40 atmel_start.o
 .debug_macro   0x0001530c       0x10 atmel_start.o
 .debug_macro   0x0001531c       0x40 atmel_start.o
 .debug_macro   0x0001535c       0xd7 atmel_start.o
 .debug_macro   0x00015433       0x16 atmel_start.o
 .debug_macro   0x00015449      0x18b atmel_start.o
 .debug_macro   0x000155d4      0x39c Device_Startup/startup_samc21.o
 .debug_macro   0x00015970       0x39 Device_Startup/startup_samc21.o
 .debug_macro   0x000159a9      0x639 driver_init.o
 .debug_macro   0x00015fe2       0x34 driver_init.o
 .debug_macro   0x00016016       0xc9 driver_init.o
 .debug_macro   0x000160df      0x551 hal/src/hal_adc_sync.o
 .debug_macro   0x00016630      0x52e hal/src/hal_io.o
 .debug_macro   0x00016b5e      0x559 hal/src/hal_usart_sync.o
 .debug_macro   0x000170b7      0x523 hal/utils/src/utils_assert.o
 .debug_macro   0x000175da       0x10 hal/utils/src/utils_assert.o
 .debug_macro   0x000175ea      0x1d6 hal/utils/src/utils_syscalls.o
 .debug_macro   0x000177c0       0x52 hal/utils/src/utils_syscalls.o
 .debug_macro   0x00017812       0x8d hal/utils/src/utils_syscalls.o
 .debug_macro   0x0001789f       0x57 hal/utils/src/utils_syscalls.o
 .debug_macro   0x000178f6       0x97 hal/utils/src/utils_syscalls.o
 .debug_macro   0x0001798d      0x353 hal/utils/src/utils_syscalls.o
 .debug_macro   0x00017ce0       0xf6 hal/utils/src/utils_syscalls.o
 .debug_macro   0x00017dd6       0x4c hal/utils/src/utils_syscalls.o
 .debug_macro   0x00017e22       0x16 hal/utils/src/utils_syscalls.o
 .debug_macro   0x00017e38       0x10 hal/utils/src/utils_syscalls.o
 .debug_macro   0x00017e48       0x10 hal/utils/src/utils_syscalls.o
 .debug_macro   0x00017e58       0x35 hal/utils/src/utils_syscalls.o
 .debug_macro   0x00017e8d      0x122 hal/utils/src/utils_syscalls.o
 .debug_macro   0x00017faf      0x582 hpl/adc/hpl_adc.o
 .debug_macro   0x00018531      0x6cc hpl/adc/hpl_adc.o
 .debug_macro   0x00018bfd      0x6ba hpl/adc/hpl_adc.o
 .debug_macro   0x000192b7       0xf4 hpl/adc/hpl_adc.o
 .debug_macro   0x000193ab      0x5a8 hpl/core/hpl_init.o
 .debug_macro   0x00019953       0x1c hpl/core/hpl_init.o
 .debug_macro   0x0001996f      0x772 hpl/core/hpl_init.o
 .debug_macro   0x0001a0e1      0x541 hpl/divas/hpl_divas.o
 .debug_macro   0x0001a622      0x532 hpl/gclk/hpl_gclk.o
 .debug_macro   0x0001ab54      0x1f4 hpl/gclk/hpl_gclk.o
 .debug_macro   0x0001ad48      0x52d hpl/mclk/hpl_mclk.o
 .debug_macro   0x0001b275      0x528 hpl/osc32kctrl/hpl_osc32kctrl.o
 .debug_macro   0x0001b79d       0xb8 hpl/osc32kctrl/hpl_osc32kctrl.o
 .debug_macro   0x0001b855      0x528 hpl/oscctrl/hpl_oscctrl.o
 .debug_macro   0x0001bd7d      0x130 hpl/oscctrl/hpl_oscctrl.o
 .debug_macro   0x0001bead      0x77c hpl/sercom/hpl_sercom.o
 .debug_macro   0x0001c629       0x70 hpl/sercom/hpl_sercom.o
 .debug_macro   0x0001c699       0xba hpl/sercom/hpl_sercom.o
 .debug_macro   0x0001c753       0x10 hpl/sercom/hpl_sercom.o
 .debug_macro   0x0001c763       0x1c hpl/sercom/hpl_sercom.o
 .debug_macro   0x0001c77f       0x22 hpl/sercom/hpl_sercom.o
 .debug_macro   0x0001c7a1       0x10 hpl/sercom/hpl_sercom.o
 .debug_macro   0x0001c7b1      0x7c9 main.o
 .debug_macro   0x0001cf7a      0x1e1 main.o
 .debug_macro   0x0001d15b       0x1c main.o
 .debug_macro   0x0001d177      0x1e7 main.o
 .debug_macro   0x0001d35e      0x689 stdio_redirect/gcc/read.o
 .debug_macro   0x0001d9e7      0x689 stdio_redirect/gcc/write.o
 .debug_macro   0x0001e070      0x682 stdio_redirect/stdio_io.o
 .debug_macro   0x0001e6f2       0xaf stdio_redirect/stdio_io.o
 .debug_macro   0x0001e7a1      0x788 stdio_start.o

.debug_line     0x00000000    0x1143c
 .debug_line    0x00000000      0xd4d atmel_start.o